/media/data2/users/dangmanhtruong95/Kinect_1_original_augmented_padding/output/Thuan/1/5_3/000001
/media/data2/users/dangmanhtruong95/Kinect_1_original_augmented_padding/output/Thuan/1/3_3/000001
/media/data2/users/dangmanhtruong95/Kinect_1_original_augmented_padding/output/Thuan/1/2_5/000001
/media/data2/users/dangmanhtruong95/Kinect_1_original_augmented_padding/output/Thuan/1/3_2/000001
/media/data2/users/dangmanhtruong95/Kinect_1_original_augmented_padding/output/Thuan/1/2_4/000001
/media/data2/users/dangmanhtruong95/Kinect_1_original_augmented_padding/output/Thuan/1/1_3/000001
/media/data2/users/dangmanhtruong95/Kinect_1_original_augmented_padding/output/Thuan/1/1_3/000009
/media/data2/users/dangmanhtruong95/Kinect_1_original_augmented_padding/output/Thuan/1/4_2/000001
/media/data2/users/dangmanhtruong95/Kinect_1_original_augmented_padding/output/Thuan/1/5_2/000001
/media/data2/users/dangmanhtruong95/Kinect_1_original_augmented_padding/output/Thuan/1/1_4/000001
/media/data2/users/dangmanhtruong95/Kinect_1_original_augmented_padding/output/Thuan/1/1_4/000009
/media/data2/users/dangmanhtruong95/Kinect_1_original_augmented_padding/output/Thuan/1/4_5/000001
/media/data2/users/dangmanhtruong95/Kinect_1_original_augmented_padding/output/Thuan/1/3_4/000001
/media/data2/users/dangmanhtruong95/Kinect_1_original_augmented_padding/output/Thuan/1/5_1/000001
/media/data2/users/dangmanhtruong95/Kinect_1_original_augmented_padding/output/Thuan/1/3_5/000001
/media/data2/users/dangmanhtruong95/Kinect_1_original_augmented_padding/output/Thuan/1/1_5/000001
/media/data2/users/dangmanhtruong95/Kinect_1_original_augmented_padding/output/Thuan/1/1_5/000009
/media/data2/users/dangmanhtruong95/Kinect_1_original_augmented_padding/output/Thuan/1/4_3/000001
/media/data2/users/dangmanhtruong95/Kinect_1_original_augmented_padding/output/Thuan/1/2_3/000001
/media/data2/users/dangmanhtruong95/Kinect_1_original_augmented_padding/output/Thuan/1/1_2/000001
/media/data2/users/dangmanhtruong95/Kinect_1_original_augmented_padding/output/Thuan/1/1_2/000009
/media/data2/users/dangmanhtruong95/Kinect_1_original_augmented_padding/output/Thuan/1/4_4/000001
/media/data2/users/dangmanhtruong95/Kinect_1_original_augmented_padding/output/Thuan/1/5_4/000001
/media/data2/users/dangmanhtruong95/Kinect_1_original_augmented_padding/output/Thuan/1/5_5/000001
/media/data2/users/dangmanhtruong95/Kinect_1_original_augmented_padding/output/Thuan/1/4_1/000001
/media/data2/users/dangmanhtruong95/Kinect_1_original_augmented_padding/output/Thuan/1/1_1/000001
/media/data2/users/dangmanhtruong95/Kinect_1_original_augmented_padding/output/Thuan/1/1_1/000009
/media/data2/users/dangmanhtruong95/Kinect_1_original_augmented_padding/output/Thuan/1/3_1/000001
/media/data2/users/dangmanhtruong95/Kinect_1_original_augmented_padding/output/Thuan/1/2_2/000001
/media/data2/users/dangmanhtruong95/Kinect_1_original_augmented_padding/output/Thuan/1/2_1/000001
/media/data2/users/dangmanhtruong95/Kinect_1_original_augmented_padding/output/Thuan/2/5_3/000001
/media/data2/users/dangmanhtruong95/Kinect_1_original_augmented_padding/output/Thuan/2/5_3/000005
/media/data2/users/dangmanhtruong95/Kinect_1_original_augmented_padding/output/Thuan/2/3_3/000001
/media/data2/users/dangmanhtruong95/Kinect_1_original_augmented_padding/output/Thuan/2/3_3/000017
/media/data2/users/dangmanhtruong95/Kinect_1_original_augmented_padding/output/Thuan/2/3_3/000033
/media/data2/users/dangmanhtruong95/Kinect_1_original_augmented_padding/output/Thuan/2/6_5/000001
/media/data2/users/dangmanhtruong95/Kinect_1_original_augmented_padding/output/Thuan/2/6_5/000009
/media/data2/users/dangmanhtruong95/Kinect_1_original_augmented_padding/output/Thuan/2/2_5/000001
/media/data2/users/dangmanhtruong95/Kinect_1_original_augmented_padding/output/Thuan/2/3_2/000001
/media/data2/users/dangmanhtruong95/Kinect_1_original_augmented_padding/output/Thuan/2/3_2/000017
/media/data2/users/dangmanhtruong95/Kinect_1_original_augmented_padding/output/Thuan/2/3_2/000033
/media/data2/users/dangmanhtruong95/Kinect_1_original_augmented_padding/output/Thuan/2/2_4/000001
/media/data2/users/dangmanhtruong95/Kinect_1_original_augmented_padding/output/Thuan/2/1_3/000001
/media/data2/users/dangmanhtruong95/Kinect_1_original_augmented_padding/output/Thuan/2/4_2/000001
/media/data2/users/dangmanhtruong95/Kinect_1_original_augmented_padding/output/Thuan/2/4_2/000016
/media/data2/users/dangmanhtruong95/Kinect_1_original_augmented_padding/output/Thuan/2/5_2/000001
/media/data2/users/dangmanhtruong95/Kinect_1_original_augmented_padding/output/Thuan/2/5_2/000005
/media/data2/users/dangmanhtruong95/Kinect_1_original_augmented_padding/output/Thuan/2/6_4/000001
/media/data2/users/dangmanhtruong95/Kinect_1_original_augmented_padding/output/Thuan/2/6_4/000009
/media/data2/users/dangmanhtruong95/Kinect_1_original_augmented_padding/output/Thuan/2/1_4/000001
/media/data2/users/dangmanhtruong95/Kinect_1_original_augmented_padding/output/Thuan/2/4_5/000001
/media/data2/users/dangmanhtruong95/Kinect_1_original_augmented_padding/output/Thuan/2/4_5/000016
/media/data2/users/dangmanhtruong95/Kinect_1_original_augmented_padding/output/Thuan/2/3_4/000001
/media/data2/users/dangmanhtruong95/Kinect_1_original_augmented_padding/output/Thuan/2/3_4/000017
/media/data2/users/dangmanhtruong95/Kinect_1_original_augmented_padding/output/Thuan/2/3_4/000033
/media/data2/users/dangmanhtruong95/Kinect_1_original_augmented_padding/output/Thuan/2/5_1/000001
/media/data2/users/dangmanhtruong95/Kinect_1_original_augmented_padding/output/Thuan/2/5_1/000005
/media/data2/users/dangmanhtruong95/Kinect_1_original_augmented_padding/output/Thuan/2/3_5/000001
/media/data2/users/dangmanhtruong95/Kinect_1_original_augmented_padding/output/Thuan/2/3_5/000017
/media/data2/users/dangmanhtruong95/Kinect_1_original_augmented_padding/output/Thuan/2/3_5/000033
/media/data2/users/dangmanhtruong95/Kinect_1_original_augmented_padding/output/Thuan/2/1_5/000001
/media/data2/users/dangmanhtruong95/Kinect_1_original_augmented_padding/output/Thuan/2/6_2/000001
/media/data2/users/dangmanhtruong95/Kinect_1_original_augmented_padding/output/Thuan/2/6_2/000009
/media/data2/users/dangmanhtruong95/Kinect_1_original_augmented_padding/output/Thuan/2/4_3/000001
/media/data2/users/dangmanhtruong95/Kinect_1_original_augmented_padding/output/Thuan/2/4_3/000016
/media/data2/users/dangmanhtruong95/Kinect_1_original_augmented_padding/output/Thuan/2/6_1/000001
/media/data2/users/dangmanhtruong95/Kinect_1_original_augmented_padding/output/Thuan/2/6_1/000009
/media/data2/users/dangmanhtruong95/Kinect_1_original_augmented_padding/output/Thuan/2/2_3/000001
/media/data2/users/dangmanhtruong95/Kinect_1_original_augmented_padding/output/Thuan/2/1_2/000001
/media/data2/users/dangmanhtruong95/Kinect_1_original_augmented_padding/output/Thuan/2/4_4/000001
/media/data2/users/dangmanhtruong95/Kinect_1_original_augmented_padding/output/Thuan/2/4_4/000016
/media/data2/users/dangmanhtruong95/Kinect_1_original_augmented_padding/output/Thuan/2/5_4/000001
/media/data2/users/dangmanhtruong95/Kinect_1_original_augmented_padding/output/Thuan/2/5_4/000005
/media/data2/users/dangmanhtruong95/Kinect_1_original_augmented_padding/output/Thuan/2/5_5/000001
/media/data2/users/dangmanhtruong95/Kinect_1_original_augmented_padding/output/Thuan/2/5_5/000005
/media/data2/users/dangmanhtruong95/Kinect_1_original_augmented_padding/output/Thuan/2/4_1/000001
/media/data2/users/dangmanhtruong95/Kinect_1_original_augmented_padding/output/Thuan/2/4_1/000016
/media/data2/users/dangmanhtruong95/Kinect_1_original_augmented_padding/output/Thuan/2/6_3/000001
/media/data2/users/dangmanhtruong95/Kinect_1_original_augmented_padding/output/Thuan/2/6_3/000009
/media/data2/users/dangmanhtruong95/Kinect_1_original_augmented_padding/output/Thuan/2/1_1/000001
/media/data2/users/dangmanhtruong95/Kinect_1_original_augmented_padding/output/Thuan/2/3_1/000001
/media/data2/users/dangmanhtruong95/Kinect_1_original_augmented_padding/output/Thuan/2/3_1/000017
/media/data2/users/dangmanhtruong95/Kinect_1_original_augmented_padding/output/Thuan/2/3_1/000033
/media/data2/users/dangmanhtruong95/Kinect_1_original_augmented_padding/output/Thuan/2/2_2/000001
/media/data2/users/dangmanhtruong95/Kinect_1_original_augmented_padding/output/Thuan/2/2_1/000001
/media/data2/users/dangmanhtruong95/Kinect_1_original_augmented_padding/output/Thuan/3/2_5/000001
/media/data2/users/dangmanhtruong95/Kinect_1_original_augmented_padding/output/Thuan/3/2_4/000001
/media/data2/users/dangmanhtruong95/Kinect_1_original_augmented_padding/output/Thuan/3/1_3/000001
/media/data2/users/dangmanhtruong95/Kinect_1_original_augmented_padding/output/Thuan/3/1_3/000004
/media/data2/users/dangmanhtruong95/Kinect_1_original_augmented_padding/output/Thuan/3/1_4/000001
/media/data2/users/dangmanhtruong95/Kinect_1_original_augmented_padding/output/Thuan/3/1_4/000004
/media/data2/users/dangmanhtruong95/Kinect_1_original_augmented_padding/output/Thuan/3/1_5/000001
/media/data2/users/dangmanhtruong95/Kinect_1_original_augmented_padding/output/Thuan/3/1_5/000004
/media/data2/users/dangmanhtruong95/Kinect_1_original_augmented_padding/output/Thuan/3/2_3/000001
/media/data2/users/dangmanhtruong95/Kinect_1_original_augmented_padding/output/Thuan/3/1_2/000001
/media/data2/users/dangmanhtruong95/Kinect_1_original_augmented_padding/output/Thuan/3/1_2/000004
/media/data2/users/dangmanhtruong95/Kinect_1_original_augmented_padding/output/Thuan/3/1_1/000001
/media/data2/users/dangmanhtruong95/Kinect_1_original_augmented_padding/output/Thuan/3/1_1/000004
/media/data2/users/dangmanhtruong95/Kinect_1_original_augmented_padding/output/Thuan/3/2_2/000001
/media/data2/users/dangmanhtruong95/Kinect_1_original_augmented_padding/output/Thuan/3/2_1/000001
/media/data2/users/dangmanhtruong95/Kinect_1_original_augmented_padding/output/Thuan/4/5_3/000001
/media/data2/users/dangmanhtruong95/Kinect_1_original_augmented_padding/output/Thuan/4/5_3/000003
/media/data2/users/dangmanhtruong95/Kinect_1_original_augmented_padding/output/Thuan/4/3_3/000001
/media/data2/users/dangmanhtruong95/Kinect_1_original_augmented_padding/output/Thuan/4/6_5/000001
/media/data2/users/dangmanhtruong95/Kinect_1_original_augmented_padding/output/Thuan/4/6_5/000003
/media/data2/users/dangmanhtruong95/Kinect_1_original_augmented_padding/output/Thuan/4/2_5/000001
/media/data2/users/dangmanhtruong95/Kinect_1_original_augmented_padding/output/Thuan/4/3_2/000001
/media/data2/users/dangmanhtruong95/Kinect_1_original_augmented_padding/output/Thuan/4/2_4/000001
/media/data2/users/dangmanhtruong95/Kinect_1_original_augmented_padding/output/Thuan/4/1_3/000001
/media/data2/users/dangmanhtruong95/Kinect_1_original_augmented_padding/output/Thuan/4/4_2/000001
/media/data2/users/dangmanhtruong95/Kinect_1_original_augmented_padding/output/Thuan/4/4_2/000004
/media/data2/users/dangmanhtruong95/Kinect_1_original_augmented_padding/output/Thuan/4/5_2/000001
/media/data2/users/dangmanhtruong95/Kinect_1_original_augmented_padding/output/Thuan/4/5_2/000003
/media/data2/users/dangmanhtruong95/Kinect_1_original_augmented_padding/output/Thuan/4/6_4/000001
/media/data2/users/dangmanhtruong95/Kinect_1_original_augmented_padding/output/Thuan/4/6_4/000003
/media/data2/users/dangmanhtruong95/Kinect_1_original_augmented_padding/output/Thuan/4/1_4/000001
/media/data2/users/dangmanhtruong95/Kinect_1_original_augmented_padding/output/Thuan/4/4_5/000001
/media/data2/users/dangmanhtruong95/Kinect_1_original_augmented_padding/output/Thuan/4/4_5/000004
/media/data2/users/dangmanhtruong95/Kinect_1_original_augmented_padding/output/Thuan/4/3_4/000001
/media/data2/users/dangmanhtruong95/Kinect_1_original_augmented_padding/output/Thuan/4/5_1/000001
/media/data2/users/dangmanhtruong95/Kinect_1_original_augmented_padding/output/Thuan/4/5_1/000003
/media/data2/users/dangmanhtruong95/Kinect_1_original_augmented_padding/output/Thuan/4/3_5/000001
/media/data2/users/dangmanhtruong95/Kinect_1_original_augmented_padding/output/Thuan/4/1_5/000001
/media/data2/users/dangmanhtruong95/Kinect_1_original_augmented_padding/output/Thuan/4/6_2/000001
/media/data2/users/dangmanhtruong95/Kinect_1_original_augmented_padding/output/Thuan/4/6_2/000003
/media/data2/users/dangmanhtruong95/Kinect_1_original_augmented_padding/output/Thuan/4/4_3/000001
/media/data2/users/dangmanhtruong95/Kinect_1_original_augmented_padding/output/Thuan/4/4_3/000004
/media/data2/users/dangmanhtruong95/Kinect_1_original_augmented_padding/output/Thuan/4/6_1/000001
/media/data2/users/dangmanhtruong95/Kinect_1_original_augmented_padding/output/Thuan/4/6_1/000003
/media/data2/users/dangmanhtruong95/Kinect_1_original_augmented_padding/output/Thuan/4/2_3/000001
/media/data2/users/dangmanhtruong95/Kinect_1_original_augmented_padding/output/Thuan/4/1_2/000001
/media/data2/users/dangmanhtruong95/Kinect_1_original_augmented_padding/output/Thuan/4/4_4/000001
/media/data2/users/dangmanhtruong95/Kinect_1_original_augmented_padding/output/Thuan/4/4_4/000004
/media/data2/users/dangmanhtruong95/Kinect_1_original_augmented_padding/output/Thuan/4/5_4/000001
/media/data2/users/dangmanhtruong95/Kinect_1_original_augmented_padding/output/Thuan/4/5_4/000003
/media/data2/users/dangmanhtruong95/Kinect_1_original_augmented_padding/output/Thuan/4/5_5/000001
/media/data2/users/dangmanhtruong95/Kinect_1_original_augmented_padding/output/Thuan/4/5_5/000003
/media/data2/users/dangmanhtruong95/Kinect_1_original_augmented_padding/output/Thuan/4/4_1/000001
/media/data2/users/dangmanhtruong95/Kinect_1_original_augmented_padding/output/Thuan/4/4_1/000004
/media/data2/users/dangmanhtruong95/Kinect_1_original_augmented_padding/output/Thuan/4/6_3/000001
/media/data2/users/dangmanhtruong95/Kinect_1_original_augmented_padding/output/Thuan/4/6_3/000003
/media/data2/users/dangmanhtruong95/Kinect_1_original_augmented_padding/output/Thuan/4/1_1/000001
/media/data2/users/dangmanhtruong95/Kinect_1_original_augmented_padding/output/Thuan/4/3_1/000001
/media/data2/users/dangmanhtruong95/Kinect_1_original_augmented_padding/output/Thuan/4/2_2/000001
/media/data2/users/dangmanhtruong95/Kinect_1_original_augmented_padding/output/Thuan/4/2_1/000001
/media/data2/users/dangmanhtruong95/Kinect_1_original_augmented_padding/output/Thuan/5/5_3/000001
/media/data2/users/dangmanhtruong95/Kinect_1_original_augmented_padding/output/Thuan/5/5_3/000006
/media/data2/users/dangmanhtruong95/Kinect_1_original_augmented_padding/output/Thuan/5/3_3/000001
/media/data2/users/dangmanhtruong95/Kinect_1_original_augmented_padding/output/Thuan/5/3_3/000002
/media/data2/users/dangmanhtruong95/Kinect_1_original_augmented_padding/output/Thuan/5/2_5/000001
/media/data2/users/dangmanhtruong95/Kinect_1_original_augmented_padding/output/Thuan/5/2_5/000002
/media/data2/users/dangmanhtruong95/Kinect_1_original_augmented_padding/output/Thuan/5/3_2/000001
/media/data2/users/dangmanhtruong95/Kinect_1_original_augmented_padding/output/Thuan/5/3_2/000002
/media/data2/users/dangmanhtruong95/Kinect_1_original_augmented_padding/output/Thuan/5/2_4/000001
/media/data2/users/dangmanhtruong95/Kinect_1_original_augmented_padding/output/Thuan/5/2_4/000002
/media/data2/users/dangmanhtruong95/Kinect_1_original_augmented_padding/output/Thuan/5/1_3/000001
/media/data2/users/dangmanhtruong95/Kinect_1_original_augmented_padding/output/Thuan/5/4_2/000001
/media/data2/users/dangmanhtruong95/Kinect_1_original_augmented_padding/output/Thuan/5/4_2/000017
/media/data2/users/dangmanhtruong95/Kinect_1_original_augmented_padding/output/Thuan/5/5_2/000001
/media/data2/users/dangmanhtruong95/Kinect_1_original_augmented_padding/output/Thuan/5/5_2/000006
/media/data2/users/dangmanhtruong95/Kinect_1_original_augmented_padding/output/Thuan/5/1_4/000001
/media/data2/users/dangmanhtruong95/Kinect_1_original_augmented_padding/output/Thuan/5/4_5/000001
/media/data2/users/dangmanhtruong95/Kinect_1_original_augmented_padding/output/Thuan/5/4_5/000017
/media/data2/users/dangmanhtruong95/Kinect_1_original_augmented_padding/output/Thuan/5/3_4/000001
/media/data2/users/dangmanhtruong95/Kinect_1_original_augmented_padding/output/Thuan/5/3_4/000002
/media/data2/users/dangmanhtruong95/Kinect_1_original_augmented_padding/output/Thuan/5/5_1/000001
/media/data2/users/dangmanhtruong95/Kinect_1_original_augmented_padding/output/Thuan/5/5_1/000006
/media/data2/users/dangmanhtruong95/Kinect_1_original_augmented_padding/output/Thuan/5/3_5/000001
/media/data2/users/dangmanhtruong95/Kinect_1_original_augmented_padding/output/Thuan/5/3_5/000002
/media/data2/users/dangmanhtruong95/Kinect_1_original_augmented_padding/output/Thuan/5/1_5/000001
/media/data2/users/dangmanhtruong95/Kinect_1_original_augmented_padding/output/Thuan/5/4_3/000001
/media/data2/users/dangmanhtruong95/Kinect_1_original_augmented_padding/output/Thuan/5/4_3/000017
/media/data2/users/dangmanhtruong95/Kinect_1_original_augmented_padding/output/Thuan/5/2_3/000001
/media/data2/users/dangmanhtruong95/Kinect_1_original_augmented_padding/output/Thuan/5/2_3/000002
/media/data2/users/dangmanhtruong95/Kinect_1_original_augmented_padding/output/Thuan/5/1_2/000001
/media/data2/users/dangmanhtruong95/Kinect_1_original_augmented_padding/output/Thuan/5/4_4/000001
/media/data2/users/dangmanhtruong95/Kinect_1_original_augmented_padding/output/Thuan/5/4_4/000017
/media/data2/users/dangmanhtruong95/Kinect_1_original_augmented_padding/output/Thuan/5/5_4/000001
/media/data2/users/dangmanhtruong95/Kinect_1_original_augmented_padding/output/Thuan/5/5_4/000006
/media/data2/users/dangmanhtruong95/Kinect_1_original_augmented_padding/output/Thuan/5/5_5/000001
/media/data2/users/dangmanhtruong95/Kinect_1_original_augmented_padding/output/Thuan/5/5_5/000006
/media/data2/users/dangmanhtruong95/Kinect_1_original_augmented_padding/output/Thuan/5/4_1/000001
/media/data2/users/dangmanhtruong95/Kinect_1_original_augmented_padding/output/Thuan/5/4_1/000017
/media/data2/users/dangmanhtruong95/Kinect_1_original_augmented_padding/output/Thuan/5/1_1/000001
/media/data2/users/dangmanhtruong95/Kinect_1_original_augmented_padding/output/Thuan/5/3_1/000001
/media/data2/users/dangmanhtruong95/Kinect_1_original_augmented_padding/output/Thuan/5/3_1/000002
/media/data2/users/dangmanhtruong95/Kinect_1_original_augmented_padding/output/Thuan/5/2_2/000001
/media/data2/users/dangmanhtruong95/Kinect_1_original_augmented_padding/output/Thuan/5/2_2/000002
/media/data2/users/dangmanhtruong95/Kinect_1_original_augmented_padding/output/Thuan/5/2_1/000001
/media/data2/users/dangmanhtruong95/Kinect_1_original_augmented_padding/output/Thuan/5/2_1/000002
