/home/prdcv265/PycharmProjects/gvh205/c3d_luanvan/data/Kinect_1_original/Binh/1/1/ 1 0
/home/prdcv265/PycharmProjects/gvh205/c3d_luanvan/data/Kinect_1_original/Binh/1/2/ 1 0
/home/prdcv265/PycharmProjects/gvh205/c3d_luanvan/data/Kinect_1_original/Binh/1/5/ 1 0
/home/prdcv265/PycharmProjects/gvh205/c3d_luanvan/data/Kinect_1_original/Binh/1/4/ 1 0
/home/prdcv265/PycharmProjects/gvh205/c3d_luanvan/data/Kinect_1_original/Binh/1/3/ 1 0
/home/prdcv265/PycharmProjects/gvh205/c3d_luanvan/data/Kinect_1_original/Binh/2/1/ 1 1
/home/prdcv265/PycharmProjects/gvh205/c3d_luanvan/data/Kinect_1_original/Binh/2/1/ 7 1
/home/prdcv265/PycharmProjects/gvh205/c3d_luanvan/data/Kinect_1_original/Binh/2/2/ 1 1
/home/prdcv265/PycharmProjects/gvh205/c3d_luanvan/data/Kinect_1_original/Binh/2/4/ 1 1
/home/prdcv265/PycharmProjects/gvh205/c3d_luanvan/data/Kinect_1_original/Binh/2/3/ 1 1
/home/prdcv265/PycharmProjects/gvh205/c3d_luanvan/data/Kinect_1_original/Binh/3/13/ 1 2
/home/prdcv265/PycharmProjects/gvh205/c3d_luanvan/data/Kinect_1_original/Binh/3/13/ 4 2
/home/prdcv265/PycharmProjects/gvh205/c3d_luanvan/data/Kinect_1_original/Binh/3/7/ 1 2
/home/prdcv265/PycharmProjects/gvh205/c3d_luanvan/data/Kinect_1_original/Binh/3/7/ 17 2
/home/prdcv265/PycharmProjects/gvh205/c3d_luanvan/data/Kinect_1_original/Binh/3/7/ 19 2
/home/prdcv265/PycharmProjects/gvh205/c3d_luanvan/data/Kinect_1_original/Binh/3/6/ 1 2
/home/prdcv265/PycharmProjects/gvh205/c3d_luanvan/data/Kinect_1_original/Binh/3/6/ 17 2
/home/prdcv265/PycharmProjects/gvh205/c3d_luanvan/data/Kinect_1_original/Binh/3/6/ 28 2
/home/prdcv265/PycharmProjects/gvh205/c3d_luanvan/data/Kinect_1_original/Binh/3/12/ 1 2
/home/prdcv265/PycharmProjects/gvh205/c3d_luanvan/data/Kinect_1_original/Binh/3/12/ 13 2
/home/prdcv265/PycharmProjects/gvh205/c3d_luanvan/data/Kinect_1_original/Binh/3/1/ 1 2
/home/prdcv265/PycharmProjects/gvh205/c3d_luanvan/data/Kinect_1_original/Binh/3/1/ 7 2
/home/prdcv265/PycharmProjects/gvh205/c3d_luanvan/data/Kinect_1_original/Binh/3/2/ 1 2
/home/prdcv265/PycharmProjects/gvh205/c3d_luanvan/data/Kinect_1_original/Binh/3/2/ 17 2
/home/prdcv265/PycharmProjects/gvh205/c3d_luanvan/data/Kinect_1_original/Binh/3/2/ 18 2
/home/prdcv265/PycharmProjects/gvh205/c3d_luanvan/data/Kinect_1_original/Binh/3/5/ 1 2
/home/prdcv265/PycharmProjects/gvh205/c3d_luanvan/data/Kinect_1_original/Binh/3/5/ 17 2
/home/prdcv265/PycharmProjects/gvh205/c3d_luanvan/data/Kinect_1_original/Binh/3/5/ 22 2
/home/prdcv265/PycharmProjects/gvh205/c3d_luanvan/data/Kinect_1_original/Binh/3/8/ 1 2
/home/prdcv265/PycharmProjects/gvh205/c3d_luanvan/data/Kinect_1_original/Binh/3/8/ 17 2
/home/prdcv265/PycharmProjects/gvh205/c3d_luanvan/data/Kinect_1_original/Binh/3/8/ 25 2
/home/prdcv265/PycharmProjects/gvh205/c3d_luanvan/data/Kinect_1_original/Binh/3/9/ 1 2
/home/prdcv265/PycharmProjects/gvh205/c3d_luanvan/data/Kinect_1_original/Binh/3/9/ 14 2
/home/prdcv265/PycharmProjects/gvh205/c3d_luanvan/data/Kinect_1_original/Binh/3/11/ 1 2
/home/prdcv265/PycharmProjects/gvh205/c3d_luanvan/data/Kinect_1_original/Binh/3/11/ 4 2
/home/prdcv265/PycharmProjects/gvh205/c3d_luanvan/data/Kinect_1_original/Binh/3/4/ 1 2
/home/prdcv265/PycharmProjects/gvh205/c3d_luanvan/data/Kinect_1_original/Binh/3/4/ 10 2
/home/prdcv265/PycharmProjects/gvh205/c3d_luanvan/data/Kinect_1_original/Binh/3/3/ 1 2
/home/prdcv265/PycharmProjects/gvh205/c3d_luanvan/data/Kinect_1_original/Binh/3/3/ 17 2
/home/prdcv265/PycharmProjects/gvh205/c3d_luanvan/data/Kinect_1_original/Binh/3/3/ 22 2
/home/prdcv265/PycharmProjects/gvh205/c3d_luanvan/data/Kinect_1_original/Binh/3/10/ 1 2
/home/prdcv265/PycharmProjects/gvh205/c3d_luanvan/data/Kinect_1_original/Binh/3/10/ 6 2
/home/prdcv265/PycharmProjects/gvh205/c3d_luanvan/data/Kinect_1_original/Binh/4/1/ 1 3
/home/prdcv265/PycharmProjects/gvh205/c3d_luanvan/data/Kinect_1_original/Binh/4/1/ 17 3
/home/prdcv265/PycharmProjects/gvh205/c3d_luanvan/data/Kinect_1_original/Binh/4/1/ 21 3
/home/prdcv265/PycharmProjects/gvh205/c3d_luanvan/data/Kinect_1_original/Binh/4/2/ 1 3
/home/prdcv265/PycharmProjects/gvh205/c3d_luanvan/data/Kinect_1_original/Binh/4/2/ 17 3
/home/prdcv265/PycharmProjects/gvh205/c3d_luanvan/data/Kinect_1_original/Binh/4/2/ 33 3
/home/prdcv265/PycharmProjects/gvh205/c3d_luanvan/data/Kinect_1_original/Binh/4/2/ 49 3
/home/prdcv265/PycharmProjects/gvh205/c3d_luanvan/data/Kinect_1_original/Binh/4/2/ 60 3
/home/prdcv265/PycharmProjects/gvh205/c3d_luanvan/data/Kinect_1_original/Binh/4/5/ 1 3
/home/prdcv265/PycharmProjects/gvh205/c3d_luanvan/data/Kinect_1_original/Binh/4/5/ 17 3
/home/prdcv265/PycharmProjects/gvh205/c3d_luanvan/data/Kinect_1_original/Binh/4/5/ 33 3
/home/prdcv265/PycharmProjects/gvh205/c3d_luanvan/data/Kinect_1_original/Binh/4/5/ 36 3
/home/prdcv265/PycharmProjects/gvh205/c3d_luanvan/data/Kinect_1_original/Binh/4/4/ 1 3
/home/prdcv265/PycharmProjects/gvh205/c3d_luanvan/data/Kinect_1_original/Binh/4/4/ 17 3
/home/prdcv265/PycharmProjects/gvh205/c3d_luanvan/data/Kinect_1_original/Binh/4/4/ 33 3
/home/prdcv265/PycharmProjects/gvh205/c3d_luanvan/data/Kinect_1_original/Binh/4/4/ 40 3
/home/prdcv265/PycharmProjects/gvh205/c3d_luanvan/data/Kinect_1_original/Binh/4/3/ 1 3
/home/prdcv265/PycharmProjects/gvh205/c3d_luanvan/data/Kinect_1_original/Binh/4/3/ 17 3
/home/prdcv265/PycharmProjects/gvh205/c3d_luanvan/data/Kinect_1_original/Binh/4/3/ 33 3
/home/prdcv265/PycharmProjects/gvh205/c3d_luanvan/data/Kinect_1_original/Binh/4/3/ 49 3
/home/prdcv265/PycharmProjects/gvh205/c3d_luanvan/data/Kinect_1_original/Binh/4/3/ 55 3
/home/prdcv265/PycharmProjects/gvh205/c3d_luanvan/data/Kinect_1_original/Binh/5/1/ 1 4
/home/prdcv265/PycharmProjects/gvh205/c3d_luanvan/data/Kinect_1_original/Binh/5/1/ 17 4
/home/prdcv265/PycharmProjects/gvh205/c3d_luanvan/data/Kinect_1_original/Binh/5/1/ 30 4
/home/prdcv265/PycharmProjects/gvh205/c3d_luanvan/data/Kinect_1_original/Binh/5/2/ 1 4
/home/prdcv265/PycharmProjects/gvh205/c3d_luanvan/data/Kinect_1_original/Binh/5/2/ 17 4
/home/prdcv265/PycharmProjects/gvh205/c3d_luanvan/data/Kinect_1_original/Binh/5/2/ 33 4
/home/prdcv265/PycharmProjects/gvh205/c3d_luanvan/data/Kinect_1_original/Binh/5/2/ 41 4
/home/prdcv265/PycharmProjects/gvh205/c3d_luanvan/data/Kinect_1_original/Binh/5/5/ 1 4
/home/prdcv265/PycharmProjects/gvh205/c3d_luanvan/data/Kinect_1_original/Binh/5/5/ 12 4
/home/prdcv265/PycharmProjects/gvh205/c3d_luanvan/data/Kinect_1_original/Binh/5/4/ 1 4
/home/prdcv265/PycharmProjects/gvh205/c3d_luanvan/data/Kinect_1_original/Binh/5/4/ 14 4
/home/prdcv265/PycharmProjects/gvh205/c3d_luanvan/data/Kinect_1_original/Binh/5/3/ 1 4
/home/prdcv265/PycharmProjects/gvh205/c3d_luanvan/data/Kinect_1_original/Binh/5/3/ 17 4
/home/prdcv265/PycharmProjects/gvh205/c3d_luanvan/data/Kinect_1_original/Binh/5/3/ 27 4
