/home/titikid/PycharmProjects/c3d_luanvan/data/Kinect_3_original/output/Hung/1/2/000001
/home/titikid/PycharmProjects/c3d_luanvan/data/Kinect_3_original/output/Hung/1/4/000001
/home/titikid/PycharmProjects/c3d_luanvan/data/Kinect_3_original/output/Hung/1/3/000001
/home/titikid/PycharmProjects/c3d_luanvan/data/Kinect_3_original/output/Hung/1/6/000001
/home/titikid/PycharmProjects/c3d_luanvan/data/Kinect_3_original/output/Hung/1/5/000001
/home/titikid/PycharmProjects/c3d_luanvan/data/Kinect_3_original/output/Hung/1/1/000001
/home/titikid/PycharmProjects/c3d_luanvan/data/Kinect_3_original/output/Hung/1/1/000017
/home/titikid/PycharmProjects/c3d_luanvan/data/Kinect_3_original/output/Hung/1/7/000001
/home/titikid/PycharmProjects/c3d_luanvan/data/Kinect_3_original/output/Hung/1/8/000001
/home/titikid/PycharmProjects/c3d_luanvan/data/Kinect_3_original/output/Hung/2/2/000001
/home/titikid/PycharmProjects/c3d_luanvan/data/Kinect_3_original/output/Hung/2/4/000001
/home/titikid/PycharmProjects/c3d_luanvan/data/Kinect_3_original/output/Hung/2/3/000001
/home/titikid/PycharmProjects/c3d_luanvan/data/Kinect_3_original/output/Hung/2/5/000001
/home/titikid/PycharmProjects/c3d_luanvan/data/Kinect_3_original/output/Hung/2/5/000005
/home/titikid/PycharmProjects/c3d_luanvan/data/Kinect_3_original/output/Hung/2/1/000001
/home/titikid/PycharmProjects/c3d_luanvan/data/Kinect_3_original/output/Hung/2/1/000004
/home/titikid/PycharmProjects/c3d_luanvan/data/Kinect_3_original/output/Hung/3/2/000001
/home/titikid/PycharmProjects/c3d_luanvan/data/Kinect_3_original/output/Hung/3/2/000013
/home/titikid/PycharmProjects/c3d_luanvan/data/Kinect_3_original/output/Hung/3/4/000001
/home/titikid/PycharmProjects/c3d_luanvan/data/Kinect_3_original/output/Hung/3/4/000010
/home/titikid/PycharmProjects/c3d_luanvan/data/Kinect_3_original/output/Hung/3/3/000001
/home/titikid/PycharmProjects/c3d_luanvan/data/Kinect_3_original/output/Hung/3/3/000013
/home/titikid/PycharmProjects/c3d_luanvan/data/Kinect_3_original/output/Hung/3/6/000001
/home/titikid/PycharmProjects/c3d_luanvan/data/Kinect_3_original/output/Hung/3/6/000008
/home/titikid/PycharmProjects/c3d_luanvan/data/Kinect_3_original/output/Hung/3/5/000001
/home/titikid/PycharmProjects/c3d_luanvan/data/Kinect_3_original/output/Hung/3/5/000015
/home/titikid/PycharmProjects/c3d_luanvan/data/Kinect_3_original/output/Hung/3/1/000001
/home/titikid/PycharmProjects/c3d_luanvan/data/Kinect_3_original/output/Hung/3/1/000008
/home/titikid/PycharmProjects/c3d_luanvan/data/Kinect_3_original/output/Hung/3/7/000001
/home/titikid/PycharmProjects/c3d_luanvan/data/Kinect_3_original/output/Hung/3/7/000007
/home/titikid/PycharmProjects/c3d_luanvan/data/Kinect_3_original/output/Hung/3/8/000001
/home/titikid/PycharmProjects/c3d_luanvan/data/Kinect_3_original/output/Hung/3/8/000016
/home/titikid/PycharmProjects/c3d_luanvan/data/Kinect_3_original/output/Hung/4/2/000001
/home/titikid/PycharmProjects/c3d_luanvan/data/Kinect_3_original/output/Hung/4/4/000001
/home/titikid/PycharmProjects/c3d_luanvan/data/Kinect_3_original/output/Hung/4/4/000009
/home/titikid/PycharmProjects/c3d_luanvan/data/Kinect_3_original/output/Hung/4/3/000001
/home/titikid/PycharmProjects/c3d_luanvan/data/Kinect_3_original/output/Hung/4/3/000007
/home/titikid/PycharmProjects/c3d_luanvan/data/Kinect_3_original/output/Hung/4/6/000001
/home/titikid/PycharmProjects/c3d_luanvan/data/Kinect_3_original/output/Hung/4/5/000001
/home/titikid/PycharmProjects/c3d_luanvan/data/Kinect_3_original/output/Hung/4/5/000008
/home/titikid/PycharmProjects/c3d_luanvan/data/Kinect_3_original/output/Hung/4/1/000001
/home/titikid/PycharmProjects/c3d_luanvan/data/Kinect_3_original/output/Hung/4/1/000002
/home/titikid/PycharmProjects/c3d_luanvan/data/Kinect_3_original/output/Hung/5/2/000001
/home/titikid/PycharmProjects/c3d_luanvan/data/Kinect_3_original/output/Hung/5/4/000001
/home/titikid/PycharmProjects/c3d_luanvan/data/Kinect_3_original/output/Hung/5/4/000008
/home/titikid/PycharmProjects/c3d_luanvan/data/Kinect_3_original/output/Hung/5/3/000001
/home/titikid/PycharmProjects/c3d_luanvan/data/Kinect_3_original/output/Hung/5/3/000005
/home/titikid/PycharmProjects/c3d_luanvan/data/Kinect_3_original/output/Hung/5/1/000001
