/media/data2/users/dangmanhtruong95/Kinect_1_original_augmented_padding/output/Hung/1/5_3/000001
/media/data2/users/dangmanhtruong95/Kinect_1_original_augmented_padding/output/Hung/1/3_3/000001
/media/data2/users/dangmanhtruong95/Kinect_1_original_augmented_padding/output/Hung/1/6_5/000001
/media/data2/users/dangmanhtruong95/Kinect_1_original_augmented_padding/output/Hung/1/2_5/000001
/media/data2/users/dangmanhtruong95/Kinect_1_original_augmented_padding/output/Hung/1/3_2/000001
/media/data2/users/dangmanhtruong95/Kinect_1_original_augmented_padding/output/Hung/1/2_4/000001
/media/data2/users/dangmanhtruong95/Kinect_1_original_augmented_padding/output/Hung/1/1_3/000001
/media/data2/users/dangmanhtruong95/Kinect_1_original_augmented_padding/output/Hung/1/1_3/000017
/media/data2/users/dangmanhtruong95/Kinect_1_original_augmented_padding/output/Hung/1/1_3/000019
/media/data2/users/dangmanhtruong95/Kinect_1_original_augmented_padding/output/Hung/1/7_1/000001
/media/data2/users/dangmanhtruong95/Kinect_1_original_augmented_padding/output/Hung/1/4_2/000001
/media/data2/users/dangmanhtruong95/Kinect_1_original_augmented_padding/output/Hung/1/5_2/000001
/media/data2/users/dangmanhtruong95/Kinect_1_original_augmented_padding/output/Hung/1/6_4/000001
/media/data2/users/dangmanhtruong95/Kinect_1_original_augmented_padding/output/Hung/1/7_4/000001
/media/data2/users/dangmanhtruong95/Kinect_1_original_augmented_padding/output/Hung/1/1_4/000001
/media/data2/users/dangmanhtruong95/Kinect_1_original_augmented_padding/output/Hung/1/1_4/000017
/media/data2/users/dangmanhtruong95/Kinect_1_original_augmented_padding/output/Hung/1/1_4/000019
/media/data2/users/dangmanhtruong95/Kinect_1_original_augmented_padding/output/Hung/1/8_3/000001
/media/data2/users/dangmanhtruong95/Kinect_1_original_augmented_padding/output/Hung/1/8_2/000001
/media/data2/users/dangmanhtruong95/Kinect_1_original_augmented_padding/output/Hung/1/8_1/000001
/media/data2/users/dangmanhtruong95/Kinect_1_original_augmented_padding/output/Hung/1/4_5/000001
/media/data2/users/dangmanhtruong95/Kinect_1_original_augmented_padding/output/Hung/1/8_4/000001
/media/data2/users/dangmanhtruong95/Kinect_1_original_augmented_padding/output/Hung/1/3_4/000001
/media/data2/users/dangmanhtruong95/Kinect_1_original_augmented_padding/output/Hung/1/5_1/000001
/media/data2/users/dangmanhtruong95/Kinect_1_original_augmented_padding/output/Hung/1/8_5/000001
/media/data2/users/dangmanhtruong95/Kinect_1_original_augmented_padding/output/Hung/1/3_5/000001
/media/data2/users/dangmanhtruong95/Kinect_1_original_augmented_padding/output/Hung/1/1_5/000001
/media/data2/users/dangmanhtruong95/Kinect_1_original_augmented_padding/output/Hung/1/1_5/000017
/media/data2/users/dangmanhtruong95/Kinect_1_original_augmented_padding/output/Hung/1/1_5/000019
/media/data2/users/dangmanhtruong95/Kinect_1_original_augmented_padding/output/Hung/1/6_2/000001
/media/data2/users/dangmanhtruong95/Kinect_1_original_augmented_padding/output/Hung/1/4_3/000001
/media/data2/users/dangmanhtruong95/Kinect_1_original_augmented_padding/output/Hung/1/6_1/000001
/media/data2/users/dangmanhtruong95/Kinect_1_original_augmented_padding/output/Hung/1/2_3/000001
/media/data2/users/dangmanhtruong95/Kinect_1_original_augmented_padding/output/Hung/1/1_2/000001
/media/data2/users/dangmanhtruong95/Kinect_1_original_augmented_padding/output/Hung/1/1_2/000017
/media/data2/users/dangmanhtruong95/Kinect_1_original_augmented_padding/output/Hung/1/1_2/000019
/media/data2/users/dangmanhtruong95/Kinect_1_original_augmented_padding/output/Hung/1/4_4/000001
/media/data2/users/dangmanhtruong95/Kinect_1_original_augmented_padding/output/Hung/1/5_4/000001
/media/data2/users/dangmanhtruong95/Kinect_1_original_augmented_padding/output/Hung/1/5_5/000001
/media/data2/users/dangmanhtruong95/Kinect_1_original_augmented_padding/output/Hung/1/4_1/000001
/media/data2/users/dangmanhtruong95/Kinect_1_original_augmented_padding/output/Hung/1/7_2/000001
/media/data2/users/dangmanhtruong95/Kinect_1_original_augmented_padding/output/Hung/1/6_3/000001
/media/data2/users/dangmanhtruong95/Kinect_1_original_augmented_padding/output/Hung/1/7_5/000001
/media/data2/users/dangmanhtruong95/Kinect_1_original_augmented_padding/output/Hung/1/1_1/000001
/media/data2/users/dangmanhtruong95/Kinect_1_original_augmented_padding/output/Hung/1/1_1/000017
/media/data2/users/dangmanhtruong95/Kinect_1_original_augmented_padding/output/Hung/1/1_1/000019
/media/data2/users/dangmanhtruong95/Kinect_1_original_augmented_padding/output/Hung/1/3_1/000001
/media/data2/users/dangmanhtruong95/Kinect_1_original_augmented_padding/output/Hung/1/7_3/000001
/media/data2/users/dangmanhtruong95/Kinect_1_original_augmented_padding/output/Hung/1/2_2/000001
/media/data2/users/dangmanhtruong95/Kinect_1_original_augmented_padding/output/Hung/1/2_1/000001
/media/data2/users/dangmanhtruong95/Kinect_1_original_augmented_padding/output/Hung/2/5_3/000001
/media/data2/users/dangmanhtruong95/Kinect_1_original_augmented_padding/output/Hung/2/5_3/000005
/media/data2/users/dangmanhtruong95/Kinect_1_original_augmented_padding/output/Hung/2/3_3/000001
/media/data2/users/dangmanhtruong95/Kinect_1_original_augmented_padding/output/Hung/2/2_5/000001
/media/data2/users/dangmanhtruong95/Kinect_1_original_augmented_padding/output/Hung/2/3_2/000001
/media/data2/users/dangmanhtruong95/Kinect_1_original_augmented_padding/output/Hung/2/2_4/000001
/media/data2/users/dangmanhtruong95/Kinect_1_original_augmented_padding/output/Hung/2/1_3/000001
/media/data2/users/dangmanhtruong95/Kinect_1_original_augmented_padding/output/Hung/2/1_3/000006
/media/data2/users/dangmanhtruong95/Kinect_1_original_augmented_padding/output/Hung/2/4_2/000001
/media/data2/users/dangmanhtruong95/Kinect_1_original_augmented_padding/output/Hung/2/4_2/000003
/media/data2/users/dangmanhtruong95/Kinect_1_original_augmented_padding/output/Hung/2/5_2/000001
/media/data2/users/dangmanhtruong95/Kinect_1_original_augmented_padding/output/Hung/2/5_2/000005
/media/data2/users/dangmanhtruong95/Kinect_1_original_augmented_padding/output/Hung/2/1_4/000001
/media/data2/users/dangmanhtruong95/Kinect_1_original_augmented_padding/output/Hung/2/1_4/000006
/media/data2/users/dangmanhtruong95/Kinect_1_original_augmented_padding/output/Hung/2/4_5/000001
/media/data2/users/dangmanhtruong95/Kinect_1_original_augmented_padding/output/Hung/2/4_5/000003
/media/data2/users/dangmanhtruong95/Kinect_1_original_augmented_padding/output/Hung/2/3_4/000001
/media/data2/users/dangmanhtruong95/Kinect_1_original_augmented_padding/output/Hung/2/5_1/000001
/media/data2/users/dangmanhtruong95/Kinect_1_original_augmented_padding/output/Hung/2/5_1/000005
/media/data2/users/dangmanhtruong95/Kinect_1_original_augmented_padding/output/Hung/2/3_5/000001
/media/data2/users/dangmanhtruong95/Kinect_1_original_augmented_padding/output/Hung/2/1_5/000001
/media/data2/users/dangmanhtruong95/Kinect_1_original_augmented_padding/output/Hung/2/1_5/000006
/media/data2/users/dangmanhtruong95/Kinect_1_original_augmented_padding/output/Hung/2/4_3/000001
/media/data2/users/dangmanhtruong95/Kinect_1_original_augmented_padding/output/Hung/2/4_3/000003
/media/data2/users/dangmanhtruong95/Kinect_1_original_augmented_padding/output/Hung/2/2_3/000001
/media/data2/users/dangmanhtruong95/Kinect_1_original_augmented_padding/output/Hung/2/1_2/000001
/media/data2/users/dangmanhtruong95/Kinect_1_original_augmented_padding/output/Hung/2/1_2/000006
/media/data2/users/dangmanhtruong95/Kinect_1_original_augmented_padding/output/Hung/2/4_4/000001
/media/data2/users/dangmanhtruong95/Kinect_1_original_augmented_padding/output/Hung/2/4_4/000003
/media/data2/users/dangmanhtruong95/Kinect_1_original_augmented_padding/output/Hung/2/5_4/000001
/media/data2/users/dangmanhtruong95/Kinect_1_original_augmented_padding/output/Hung/2/5_4/000005
/media/data2/users/dangmanhtruong95/Kinect_1_original_augmented_padding/output/Hung/2/5_5/000001
/media/data2/users/dangmanhtruong95/Kinect_1_original_augmented_padding/output/Hung/2/5_5/000005
/media/data2/users/dangmanhtruong95/Kinect_1_original_augmented_padding/output/Hung/2/4_1/000001
/media/data2/users/dangmanhtruong95/Kinect_1_original_augmented_padding/output/Hung/2/4_1/000003
/media/data2/users/dangmanhtruong95/Kinect_1_original_augmented_padding/output/Hung/2/1_1/000001
/media/data2/users/dangmanhtruong95/Kinect_1_original_augmented_padding/output/Hung/2/1_1/000006
/media/data2/users/dangmanhtruong95/Kinect_1_original_augmented_padding/output/Hung/2/3_1/000001
/media/data2/users/dangmanhtruong95/Kinect_1_original_augmented_padding/output/Hung/2/2_2/000001
/media/data2/users/dangmanhtruong95/Kinect_1_original_augmented_padding/output/Hung/2/2_1/000001
/media/data2/users/dangmanhtruong95/Kinect_1_original_augmented_padding/output/Hung/3/5_3/000001
/media/data2/users/dangmanhtruong95/Kinect_1_original_augmented_padding/output/Hung/3/5_3/000017
/media/data2/users/dangmanhtruong95/Kinect_1_original_augmented_padding/output/Hung/3/5_3/000018
/media/data2/users/dangmanhtruong95/Kinect_1_original_augmented_padding/output/Hung/3/3_3/000001
/media/data2/users/dangmanhtruong95/Kinect_1_original_augmented_padding/output/Hung/3/3_3/000015
/media/data2/users/dangmanhtruong95/Kinect_1_original_augmented_padding/output/Hung/3/6_5/000001
/media/data2/users/dangmanhtruong95/Kinect_1_original_augmented_padding/output/Hung/3/6_5/000010
/media/data2/users/dangmanhtruong95/Kinect_1_original_augmented_padding/output/Hung/3/2_5/000001
/media/data2/users/dangmanhtruong95/Kinect_1_original_augmented_padding/output/Hung/3/2_5/000015
/media/data2/users/dangmanhtruong95/Kinect_1_original_augmented_padding/output/Hung/3/3_2/000001
/media/data2/users/dangmanhtruong95/Kinect_1_original_augmented_padding/output/Hung/3/3_2/000015
/media/data2/users/dangmanhtruong95/Kinect_1_original_augmented_padding/output/Hung/3/2_4/000001
/media/data2/users/dangmanhtruong95/Kinect_1_original_augmented_padding/output/Hung/3/2_4/000015
/media/data2/users/dangmanhtruong95/Kinect_1_original_augmented_padding/output/Hung/3/1_3/000001
/media/data2/users/dangmanhtruong95/Kinect_1_original_augmented_padding/output/Hung/3/1_3/000010
/media/data2/users/dangmanhtruong95/Kinect_1_original_augmented_padding/output/Hung/3/7_1/000001
/media/data2/users/dangmanhtruong95/Kinect_1_original_augmented_padding/output/Hung/3/7_1/000009
/media/data2/users/dangmanhtruong95/Kinect_1_original_augmented_padding/output/Hung/3/4_2/000001
/media/data2/users/dangmanhtruong95/Kinect_1_original_augmented_padding/output/Hung/3/4_2/000012
/media/data2/users/dangmanhtruong95/Kinect_1_original_augmented_padding/output/Hung/3/5_2/000001
/media/data2/users/dangmanhtruong95/Kinect_1_original_augmented_padding/output/Hung/3/5_2/000017
/media/data2/users/dangmanhtruong95/Kinect_1_original_augmented_padding/output/Hung/3/5_2/000018
/media/data2/users/dangmanhtruong95/Kinect_1_original_augmented_padding/output/Hung/3/6_4/000001
/media/data2/users/dangmanhtruong95/Kinect_1_original_augmented_padding/output/Hung/3/6_4/000010
/media/data2/users/dangmanhtruong95/Kinect_1_original_augmented_padding/output/Hung/3/7_4/000001
/media/data2/users/dangmanhtruong95/Kinect_1_original_augmented_padding/output/Hung/3/7_4/000009
/media/data2/users/dangmanhtruong95/Kinect_1_original_augmented_padding/output/Hung/3/1_4/000001
/media/data2/users/dangmanhtruong95/Kinect_1_original_augmented_padding/output/Hung/3/1_4/000010
/media/data2/users/dangmanhtruong95/Kinect_1_original_augmented_padding/output/Hung/3/8_3/000001
/media/data2/users/dangmanhtruong95/Kinect_1_original_augmented_padding/output/Hung/3/8_3/000016
/media/data2/users/dangmanhtruong95/Kinect_1_original_augmented_padding/output/Hung/3/8_2/000001
/media/data2/users/dangmanhtruong95/Kinect_1_original_augmented_padding/output/Hung/3/8_2/000016
/media/data2/users/dangmanhtruong95/Kinect_1_original_augmented_padding/output/Hung/3/8_1/000001
/media/data2/users/dangmanhtruong95/Kinect_1_original_augmented_padding/output/Hung/3/8_1/000016
/media/data2/users/dangmanhtruong95/Kinect_1_original_augmented_padding/output/Hung/3/4_5/000001
/media/data2/users/dangmanhtruong95/Kinect_1_original_augmented_padding/output/Hung/3/4_5/000012
/media/data2/users/dangmanhtruong95/Kinect_1_original_augmented_padding/output/Hung/3/8_4/000001
/media/data2/users/dangmanhtruong95/Kinect_1_original_augmented_padding/output/Hung/3/8_4/000016
/media/data2/users/dangmanhtruong95/Kinect_1_original_augmented_padding/output/Hung/3/3_4/000001
/media/data2/users/dangmanhtruong95/Kinect_1_original_augmented_padding/output/Hung/3/3_4/000015
/media/data2/users/dangmanhtruong95/Kinect_1_original_augmented_padding/output/Hung/3/5_1/000001
/media/data2/users/dangmanhtruong95/Kinect_1_original_augmented_padding/output/Hung/3/5_1/000017
/media/data2/users/dangmanhtruong95/Kinect_1_original_augmented_padding/output/Hung/3/5_1/000018
/media/data2/users/dangmanhtruong95/Kinect_1_original_augmented_padding/output/Hung/3/8_5/000001
/media/data2/users/dangmanhtruong95/Kinect_1_original_augmented_padding/output/Hung/3/8_5/000016
/media/data2/users/dangmanhtruong95/Kinect_1_original_augmented_padding/output/Hung/3/3_5/000001
/media/data2/users/dangmanhtruong95/Kinect_1_original_augmented_padding/output/Hung/3/3_5/000015
/media/data2/users/dangmanhtruong95/Kinect_1_original_augmented_padding/output/Hung/3/1_5/000001
/media/data2/users/dangmanhtruong95/Kinect_1_original_augmented_padding/output/Hung/3/1_5/000010
/media/data2/users/dangmanhtruong95/Kinect_1_original_augmented_padding/output/Hung/3/6_2/000001
/media/data2/users/dangmanhtruong95/Kinect_1_original_augmented_padding/output/Hung/3/6_2/000010
/media/data2/users/dangmanhtruong95/Kinect_1_original_augmented_padding/output/Hung/3/4_3/000001
/media/data2/users/dangmanhtruong95/Kinect_1_original_augmented_padding/output/Hung/3/4_3/000012
/media/data2/users/dangmanhtruong95/Kinect_1_original_augmented_padding/output/Hung/3/6_1/000001
/media/data2/users/dangmanhtruong95/Kinect_1_original_augmented_padding/output/Hung/3/6_1/000010
/media/data2/users/dangmanhtruong95/Kinect_1_original_augmented_padding/output/Hung/3/2_3/000001
/media/data2/users/dangmanhtruong95/Kinect_1_original_augmented_padding/output/Hung/3/2_3/000015
/media/data2/users/dangmanhtruong95/Kinect_1_original_augmented_padding/output/Hung/3/1_2/000001
/media/data2/users/dangmanhtruong95/Kinect_1_original_augmented_padding/output/Hung/3/1_2/000010
/media/data2/users/dangmanhtruong95/Kinect_1_original_augmented_padding/output/Hung/3/4_4/000001
/media/data2/users/dangmanhtruong95/Kinect_1_original_augmented_padding/output/Hung/3/4_4/000012
/media/data2/users/dangmanhtruong95/Kinect_1_original_augmented_padding/output/Hung/3/5_4/000001
/media/data2/users/dangmanhtruong95/Kinect_1_original_augmented_padding/output/Hung/3/5_4/000017
/media/data2/users/dangmanhtruong95/Kinect_1_original_augmented_padding/output/Hung/3/5_4/000018
/media/data2/users/dangmanhtruong95/Kinect_1_original_augmented_padding/output/Hung/3/5_5/000001
/media/data2/users/dangmanhtruong95/Kinect_1_original_augmented_padding/output/Hung/3/5_5/000017
/media/data2/users/dangmanhtruong95/Kinect_1_original_augmented_padding/output/Hung/3/5_5/000018
/media/data2/users/dangmanhtruong95/Kinect_1_original_augmented_padding/output/Hung/3/4_1/000001
/media/data2/users/dangmanhtruong95/Kinect_1_original_augmented_padding/output/Hung/3/4_1/000012
/media/data2/users/dangmanhtruong95/Kinect_1_original_augmented_padding/output/Hung/3/7_2/000001
/media/data2/users/dangmanhtruong95/Kinect_1_original_augmented_padding/output/Hung/3/7_2/000009
/media/data2/users/dangmanhtruong95/Kinect_1_original_augmented_padding/output/Hung/3/6_3/000001
/media/data2/users/dangmanhtruong95/Kinect_1_original_augmented_padding/output/Hung/3/6_3/000010
/media/data2/users/dangmanhtruong95/Kinect_1_original_augmented_padding/output/Hung/3/7_5/000001
/media/data2/users/dangmanhtruong95/Kinect_1_original_augmented_padding/output/Hung/3/7_5/000009
/media/data2/users/dangmanhtruong95/Kinect_1_original_augmented_padding/output/Hung/3/1_1/000001
/media/data2/users/dangmanhtruong95/Kinect_1_original_augmented_padding/output/Hung/3/1_1/000010
/media/data2/users/dangmanhtruong95/Kinect_1_original_augmented_padding/output/Hung/3/3_1/000001
/media/data2/users/dangmanhtruong95/Kinect_1_original_augmented_padding/output/Hung/3/3_1/000015
/media/data2/users/dangmanhtruong95/Kinect_1_original_augmented_padding/output/Hung/3/7_3/000001
/media/data2/users/dangmanhtruong95/Kinect_1_original_augmented_padding/output/Hung/3/7_3/000009
/media/data2/users/dangmanhtruong95/Kinect_1_original_augmented_padding/output/Hung/3/2_2/000001
/media/data2/users/dangmanhtruong95/Kinect_1_original_augmented_padding/output/Hung/3/2_2/000015
/media/data2/users/dangmanhtruong95/Kinect_1_original_augmented_padding/output/Hung/3/2_1/000001
/media/data2/users/dangmanhtruong95/Kinect_1_original_augmented_padding/output/Hung/3/2_1/000015
/media/data2/users/dangmanhtruong95/Kinect_1_original_augmented_padding/output/Hung/4/5_3/000001
/media/data2/users/dangmanhtruong95/Kinect_1_original_augmented_padding/output/Hung/4/5_3/000010
/media/data2/users/dangmanhtruong95/Kinect_1_original_augmented_padding/output/Hung/4/3_3/000001
/media/data2/users/dangmanhtruong95/Kinect_1_original_augmented_padding/output/Hung/4/3_3/000009
/media/data2/users/dangmanhtruong95/Kinect_1_original_augmented_padding/output/Hung/4/6_5/000001
/media/data2/users/dangmanhtruong95/Kinect_1_original_augmented_padding/output/Hung/4/2_5/000001
/media/data2/users/dangmanhtruong95/Kinect_1_original_augmented_padding/output/Hung/4/3_2/000001
/media/data2/users/dangmanhtruong95/Kinect_1_original_augmented_padding/output/Hung/4/3_2/000009
/media/data2/users/dangmanhtruong95/Kinect_1_original_augmented_padding/output/Hung/4/2_4/000001
/media/data2/users/dangmanhtruong95/Kinect_1_original_augmented_padding/output/Hung/4/1_3/000001
/media/data2/users/dangmanhtruong95/Kinect_1_original_augmented_padding/output/Hung/4/1_3/000004
/media/data2/users/dangmanhtruong95/Kinect_1_original_augmented_padding/output/Hung/4/4_2/000001
/media/data2/users/dangmanhtruong95/Kinect_1_original_augmented_padding/output/Hung/4/4_2/000011
/media/data2/users/dangmanhtruong95/Kinect_1_original_augmented_padding/output/Hung/4/5_2/000001
/media/data2/users/dangmanhtruong95/Kinect_1_original_augmented_padding/output/Hung/4/5_2/000010
/media/data2/users/dangmanhtruong95/Kinect_1_original_augmented_padding/output/Hung/4/6_4/000001
/media/data2/users/dangmanhtruong95/Kinect_1_original_augmented_padding/output/Hung/4/1_4/000001
/media/data2/users/dangmanhtruong95/Kinect_1_original_augmented_padding/output/Hung/4/1_4/000004
/media/data2/users/dangmanhtruong95/Kinect_1_original_augmented_padding/output/Hung/4/4_5/000001
/media/data2/users/dangmanhtruong95/Kinect_1_original_augmented_padding/output/Hung/4/4_5/000011
/media/data2/users/dangmanhtruong95/Kinect_1_original_augmented_padding/output/Hung/4/3_4/000001
/media/data2/users/dangmanhtruong95/Kinect_1_original_augmented_padding/output/Hung/4/3_4/000009
/media/data2/users/dangmanhtruong95/Kinect_1_original_augmented_padding/output/Hung/4/5_1/000001
/media/data2/users/dangmanhtruong95/Kinect_1_original_augmented_padding/output/Hung/4/5_1/000010
/media/data2/users/dangmanhtruong95/Kinect_1_original_augmented_padding/output/Hung/4/3_5/000001
/media/data2/users/dangmanhtruong95/Kinect_1_original_augmented_padding/output/Hung/4/3_5/000009
/media/data2/users/dangmanhtruong95/Kinect_1_original_augmented_padding/output/Hung/4/1_5/000001
/media/data2/users/dangmanhtruong95/Kinect_1_original_augmented_padding/output/Hung/4/1_5/000004
/media/data2/users/dangmanhtruong95/Kinect_1_original_augmented_padding/output/Hung/4/6_2/000001
/media/data2/users/dangmanhtruong95/Kinect_1_original_augmented_padding/output/Hung/4/4_3/000001
/media/data2/users/dangmanhtruong95/Kinect_1_original_augmented_padding/output/Hung/4/4_3/000011
/media/data2/users/dangmanhtruong95/Kinect_1_original_augmented_padding/output/Hung/4/6_1/000001
/media/data2/users/dangmanhtruong95/Kinect_1_original_augmented_padding/output/Hung/4/2_3/000001
/media/data2/users/dangmanhtruong95/Kinect_1_original_augmented_padding/output/Hung/4/1_2/000001
/media/data2/users/dangmanhtruong95/Kinect_1_original_augmented_padding/output/Hung/4/1_2/000004
/media/data2/users/dangmanhtruong95/Kinect_1_original_augmented_padding/output/Hung/4/4_4/000001
/media/data2/users/dangmanhtruong95/Kinect_1_original_augmented_padding/output/Hung/4/4_4/000011
/media/data2/users/dangmanhtruong95/Kinect_1_original_augmented_padding/output/Hung/4/5_4/000001
/media/data2/users/dangmanhtruong95/Kinect_1_original_augmented_padding/output/Hung/4/5_4/000010
/media/data2/users/dangmanhtruong95/Kinect_1_original_augmented_padding/output/Hung/4/5_5/000001
/media/data2/users/dangmanhtruong95/Kinect_1_original_augmented_padding/output/Hung/4/5_5/000010
/media/data2/users/dangmanhtruong95/Kinect_1_original_augmented_padding/output/Hung/4/4_1/000001
/media/data2/users/dangmanhtruong95/Kinect_1_original_augmented_padding/output/Hung/4/4_1/000011
/media/data2/users/dangmanhtruong95/Kinect_1_original_augmented_padding/output/Hung/4/6_3/000001
/media/data2/users/dangmanhtruong95/Kinect_1_original_augmented_padding/output/Hung/4/1_1/000001
/media/data2/users/dangmanhtruong95/Kinect_1_original_augmented_padding/output/Hung/4/1_1/000004
/media/data2/users/dangmanhtruong95/Kinect_1_original_augmented_padding/output/Hung/4/3_1/000001
/media/data2/users/dangmanhtruong95/Kinect_1_original_augmented_padding/output/Hung/4/3_1/000009
/media/data2/users/dangmanhtruong95/Kinect_1_original_augmented_padding/output/Hung/4/2_2/000001
/media/data2/users/dangmanhtruong95/Kinect_1_original_augmented_padding/output/Hung/4/2_1/000001
/media/data2/users/dangmanhtruong95/Kinect_1_original_augmented_padding/output/Hung/5/3_3/000001
/media/data2/users/dangmanhtruong95/Kinect_1_original_augmented_padding/output/Hung/5/3_3/000005
/media/data2/users/dangmanhtruong95/Kinect_1_original_augmented_padding/output/Hung/5/2_5/000001
/media/data2/users/dangmanhtruong95/Kinect_1_original_augmented_padding/output/Hung/5/3_2/000001
/media/data2/users/dangmanhtruong95/Kinect_1_original_augmented_padding/output/Hung/5/3_2/000005
/media/data2/users/dangmanhtruong95/Kinect_1_original_augmented_padding/output/Hung/5/2_4/000001
/media/data2/users/dangmanhtruong95/Kinect_1_original_augmented_padding/output/Hung/5/1_3/000001
/media/data2/users/dangmanhtruong95/Kinect_1_original_augmented_padding/output/Hung/5/1_3/000002
/media/data2/users/dangmanhtruong95/Kinect_1_original_augmented_padding/output/Hung/5/4_2/000001
/media/data2/users/dangmanhtruong95/Kinect_1_original_augmented_padding/output/Hung/5/1_4/000001
/media/data2/users/dangmanhtruong95/Kinect_1_original_augmented_padding/output/Hung/5/1_4/000002
/media/data2/users/dangmanhtruong95/Kinect_1_original_augmented_padding/output/Hung/5/4_5/000001
/media/data2/users/dangmanhtruong95/Kinect_1_original_augmented_padding/output/Hung/5/3_4/000001
/media/data2/users/dangmanhtruong95/Kinect_1_original_augmented_padding/output/Hung/5/3_4/000005
/media/data2/users/dangmanhtruong95/Kinect_1_original_augmented_padding/output/Hung/5/3_5/000001
/media/data2/users/dangmanhtruong95/Kinect_1_original_augmented_padding/output/Hung/5/3_5/000005
/media/data2/users/dangmanhtruong95/Kinect_1_original_augmented_padding/output/Hung/5/1_5/000001
/media/data2/users/dangmanhtruong95/Kinect_1_original_augmented_padding/output/Hung/5/1_5/000002
/media/data2/users/dangmanhtruong95/Kinect_1_original_augmented_padding/output/Hung/5/4_3/000001
/media/data2/users/dangmanhtruong95/Kinect_1_original_augmented_padding/output/Hung/5/2_3/000001
/media/data2/users/dangmanhtruong95/Kinect_1_original_augmented_padding/output/Hung/5/1_2/000001
/media/data2/users/dangmanhtruong95/Kinect_1_original_augmented_padding/output/Hung/5/1_2/000002
/media/data2/users/dangmanhtruong95/Kinect_1_original_augmented_padding/output/Hung/5/4_4/000001
/media/data2/users/dangmanhtruong95/Kinect_1_original_augmented_padding/output/Hung/5/4_1/000001
/media/data2/users/dangmanhtruong95/Kinect_1_original_augmented_padding/output/Hung/5/1_1/000001
/media/data2/users/dangmanhtruong95/Kinect_1_original_augmented_padding/output/Hung/5/1_1/000002
/media/data2/users/dangmanhtruong95/Kinect_1_original_augmented_padding/output/Hung/5/3_1/000001
/media/data2/users/dangmanhtruong95/Kinect_1_original_augmented_padding/output/Hung/5/3_1/000005
/media/data2/users/dangmanhtruong95/Kinect_1_original_augmented_padding/output/Hung/5/2_2/000001
/media/data2/users/dangmanhtruong95/Kinect_1_original_augmented_padding/output/Hung/5/2_1/000001
/media/data2/users/dangmanhtruong95/Kinect_1_original_augmented_padding/output/Tan/1/3_3/000001
/media/data2/users/dangmanhtruong95/Kinect_1_original_augmented_padding/output/Tan/1/2_5/000001
/media/data2/users/dangmanhtruong95/Kinect_1_original_augmented_padding/output/Tan/1/3_2/000001
/media/data2/users/dangmanhtruong95/Kinect_1_original_augmented_padding/output/Tan/1/2_4/000001
/media/data2/users/dangmanhtruong95/Kinect_1_original_augmented_padding/output/Tan/1/1_3/000001
/media/data2/users/dangmanhtruong95/Kinect_1_original_augmented_padding/output/Tan/1/1_3/000010
/media/data2/users/dangmanhtruong95/Kinect_1_original_augmented_padding/output/Tan/1/4_2/000001
/media/data2/users/dangmanhtruong95/Kinect_1_original_augmented_padding/output/Tan/1/1_4/000001
/media/data2/users/dangmanhtruong95/Kinect_1_original_augmented_padding/output/Tan/1/1_4/000010
/media/data2/users/dangmanhtruong95/Kinect_1_original_augmented_padding/output/Tan/1/4_5/000001
/media/data2/users/dangmanhtruong95/Kinect_1_original_augmented_padding/output/Tan/1/3_4/000001
/media/data2/users/dangmanhtruong95/Kinect_1_original_augmented_padding/output/Tan/1/3_5/000001
/media/data2/users/dangmanhtruong95/Kinect_1_original_augmented_padding/output/Tan/1/1_5/000001
/media/data2/users/dangmanhtruong95/Kinect_1_original_augmented_padding/output/Tan/1/1_5/000010
/media/data2/users/dangmanhtruong95/Kinect_1_original_augmented_padding/output/Tan/1/4_3/000001
/media/data2/users/dangmanhtruong95/Kinect_1_original_augmented_padding/output/Tan/1/2_3/000001
/media/data2/users/dangmanhtruong95/Kinect_1_original_augmented_padding/output/Tan/1/1_2/000001
/media/data2/users/dangmanhtruong95/Kinect_1_original_augmented_padding/output/Tan/1/1_2/000010
/media/data2/users/dangmanhtruong95/Kinect_1_original_augmented_padding/output/Tan/1/4_4/000001
/media/data2/users/dangmanhtruong95/Kinect_1_original_augmented_padding/output/Tan/1/4_1/000001
/media/data2/users/dangmanhtruong95/Kinect_1_original_augmented_padding/output/Tan/1/1_1/000001
/media/data2/users/dangmanhtruong95/Kinect_1_original_augmented_padding/output/Tan/1/1_1/000010
/media/data2/users/dangmanhtruong95/Kinect_1_original_augmented_padding/output/Tan/1/3_1/000001
/media/data2/users/dangmanhtruong95/Kinect_1_original_augmented_padding/output/Tan/1/2_2/000001
/media/data2/users/dangmanhtruong95/Kinect_1_original_augmented_padding/output/Tan/1/2_1/000001
/media/data2/users/dangmanhtruong95/Kinect_1_original_augmented_padding/output/Tan/2/3_3/000001
/media/data2/users/dangmanhtruong95/Kinect_1_original_augmented_padding/output/Tan/2/3_3/000004
/media/data2/users/dangmanhtruong95/Kinect_1_original_augmented_padding/output/Tan/2/2_5/000001
/media/data2/users/dangmanhtruong95/Kinect_1_original_augmented_padding/output/Tan/2/2_5/000010
/media/data2/users/dangmanhtruong95/Kinect_1_original_augmented_padding/output/Tan/2/3_2/000001
/media/data2/users/dangmanhtruong95/Kinect_1_original_augmented_padding/output/Tan/2/3_2/000004
/media/data2/users/dangmanhtruong95/Kinect_1_original_augmented_padding/output/Tan/2/2_4/000001
/media/data2/users/dangmanhtruong95/Kinect_1_original_augmented_padding/output/Tan/2/2_4/000010
/media/data2/users/dangmanhtruong95/Kinect_1_original_augmented_padding/output/Tan/2/1_3/000001
/media/data2/users/dangmanhtruong95/Kinect_1_original_augmented_padding/output/Tan/2/1_3/000016
/media/data2/users/dangmanhtruong95/Kinect_1_original_augmented_padding/output/Tan/2/1_4/000001
/media/data2/users/dangmanhtruong95/Kinect_1_original_augmented_padding/output/Tan/2/1_4/000016
/media/data2/users/dangmanhtruong95/Kinect_1_original_augmented_padding/output/Tan/2/3_4/000001
/media/data2/users/dangmanhtruong95/Kinect_1_original_augmented_padding/output/Tan/2/3_4/000004
/media/data2/users/dangmanhtruong95/Kinect_1_original_augmented_padding/output/Tan/2/3_5/000001
/media/data2/users/dangmanhtruong95/Kinect_1_original_augmented_padding/output/Tan/2/3_5/000004
/media/data2/users/dangmanhtruong95/Kinect_1_original_augmented_padding/output/Tan/2/1_5/000001
/media/data2/users/dangmanhtruong95/Kinect_1_original_augmented_padding/output/Tan/2/1_5/000016
/media/data2/users/dangmanhtruong95/Kinect_1_original_augmented_padding/output/Tan/2/2_3/000001
/media/data2/users/dangmanhtruong95/Kinect_1_original_augmented_padding/output/Tan/2/2_3/000010
/media/data2/users/dangmanhtruong95/Kinect_1_original_augmented_padding/output/Tan/2/1_2/000001
/media/data2/users/dangmanhtruong95/Kinect_1_original_augmented_padding/output/Tan/2/1_2/000016
/media/data2/users/dangmanhtruong95/Kinect_1_original_augmented_padding/output/Tan/2/1_1/000001
/media/data2/users/dangmanhtruong95/Kinect_1_original_augmented_padding/output/Tan/2/1_1/000016
/media/data2/users/dangmanhtruong95/Kinect_1_original_augmented_padding/output/Tan/2/3_1/000001
/media/data2/users/dangmanhtruong95/Kinect_1_original_augmented_padding/output/Tan/2/3_1/000004
/media/data2/users/dangmanhtruong95/Kinect_1_original_augmented_padding/output/Tan/2/2_2/000001
/media/data2/users/dangmanhtruong95/Kinect_1_original_augmented_padding/output/Tan/2/2_2/000010
/media/data2/users/dangmanhtruong95/Kinect_1_original_augmented_padding/output/Tan/2/2_1/000001
/media/data2/users/dangmanhtruong95/Kinect_1_original_augmented_padding/output/Tan/2/2_1/000010
/media/data2/users/dangmanhtruong95/Kinect_1_original_augmented_padding/output/Tan/3/5_3/000001
/media/data2/users/dangmanhtruong95/Kinect_1_original_augmented_padding/output/Tan/3/5_3/000012
/media/data2/users/dangmanhtruong95/Kinect_1_original_augmented_padding/output/Tan/3/3_3/000001
/media/data2/users/dangmanhtruong95/Kinect_1_original_augmented_padding/output/Tan/3/3_3/000011
/media/data2/users/dangmanhtruong95/Kinect_1_original_augmented_padding/output/Tan/3/2_5/000001
/media/data2/users/dangmanhtruong95/Kinect_1_original_augmented_padding/output/Tan/3/2_5/000016
/media/data2/users/dangmanhtruong95/Kinect_1_original_augmented_padding/output/Tan/3/3_2/000001
/media/data2/users/dangmanhtruong95/Kinect_1_original_augmented_padding/output/Tan/3/3_2/000011
/media/data2/users/dangmanhtruong95/Kinect_1_original_augmented_padding/output/Tan/3/2_4/000001
/media/data2/users/dangmanhtruong95/Kinect_1_original_augmented_padding/output/Tan/3/2_4/000016
/media/data2/users/dangmanhtruong95/Kinect_1_original_augmented_padding/output/Tan/3/1_3/000001
/media/data2/users/dangmanhtruong95/Kinect_1_original_augmented_padding/output/Tan/3/1_3/000017
/media/data2/users/dangmanhtruong95/Kinect_1_original_augmented_padding/output/Tan/3/1_3/000018
/media/data2/users/dangmanhtruong95/Kinect_1_original_augmented_padding/output/Tan/3/4_2/000001
/media/data2/users/dangmanhtruong95/Kinect_1_original_augmented_padding/output/Tan/3/4_2/000005
/media/data2/users/dangmanhtruong95/Kinect_1_original_augmented_padding/output/Tan/3/5_2/000001
/media/data2/users/dangmanhtruong95/Kinect_1_original_augmented_padding/output/Tan/3/5_2/000012
/media/data2/users/dangmanhtruong95/Kinect_1_original_augmented_padding/output/Tan/3/1_4/000001
/media/data2/users/dangmanhtruong95/Kinect_1_original_augmented_padding/output/Tan/3/1_4/000017
/media/data2/users/dangmanhtruong95/Kinect_1_original_augmented_padding/output/Tan/3/1_4/000018
/media/data2/users/dangmanhtruong95/Kinect_1_original_augmented_padding/output/Tan/3/4_5/000001
/media/data2/users/dangmanhtruong95/Kinect_1_original_augmented_padding/output/Tan/3/4_5/000005
/media/data2/users/dangmanhtruong95/Kinect_1_original_augmented_padding/output/Tan/3/3_4/000001
/media/data2/users/dangmanhtruong95/Kinect_1_original_augmented_padding/output/Tan/3/3_4/000011
/media/data2/users/dangmanhtruong95/Kinect_1_original_augmented_padding/output/Tan/3/5_1/000001
/media/data2/users/dangmanhtruong95/Kinect_1_original_augmented_padding/output/Tan/3/5_1/000012
/media/data2/users/dangmanhtruong95/Kinect_1_original_augmented_padding/output/Tan/3/3_5/000001
/media/data2/users/dangmanhtruong95/Kinect_1_original_augmented_padding/output/Tan/3/3_5/000011
/media/data2/users/dangmanhtruong95/Kinect_1_original_augmented_padding/output/Tan/3/1_5/000001
/media/data2/users/dangmanhtruong95/Kinect_1_original_augmented_padding/output/Tan/3/1_5/000017
/media/data2/users/dangmanhtruong95/Kinect_1_original_augmented_padding/output/Tan/3/1_5/000018
/media/data2/users/dangmanhtruong95/Kinect_1_original_augmented_padding/output/Tan/3/4_3/000001
/media/data2/users/dangmanhtruong95/Kinect_1_original_augmented_padding/output/Tan/3/4_3/000005
/media/data2/users/dangmanhtruong95/Kinect_1_original_augmented_padding/output/Tan/3/2_3/000001
/media/data2/users/dangmanhtruong95/Kinect_1_original_augmented_padding/output/Tan/3/2_3/000016
/media/data2/users/dangmanhtruong95/Kinect_1_original_augmented_padding/output/Tan/3/1_2/000001
/media/data2/users/dangmanhtruong95/Kinect_1_original_augmented_padding/output/Tan/3/1_2/000017
/media/data2/users/dangmanhtruong95/Kinect_1_original_augmented_padding/output/Tan/3/1_2/000018
/media/data2/users/dangmanhtruong95/Kinect_1_original_augmented_padding/output/Tan/3/4_4/000001
/media/data2/users/dangmanhtruong95/Kinect_1_original_augmented_padding/output/Tan/3/4_4/000005
/media/data2/users/dangmanhtruong95/Kinect_1_original_augmented_padding/output/Tan/3/5_4/000001
/media/data2/users/dangmanhtruong95/Kinect_1_original_augmented_padding/output/Tan/3/5_4/000012
/media/data2/users/dangmanhtruong95/Kinect_1_original_augmented_padding/output/Tan/3/5_5/000001
/media/data2/users/dangmanhtruong95/Kinect_1_original_augmented_padding/output/Tan/3/5_5/000012
/media/data2/users/dangmanhtruong95/Kinect_1_original_augmented_padding/output/Tan/3/4_1/000001
/media/data2/users/dangmanhtruong95/Kinect_1_original_augmented_padding/output/Tan/3/4_1/000005
/media/data2/users/dangmanhtruong95/Kinect_1_original_augmented_padding/output/Tan/3/1_1/000001
/media/data2/users/dangmanhtruong95/Kinect_1_original_augmented_padding/output/Tan/3/1_1/000017
/media/data2/users/dangmanhtruong95/Kinect_1_original_augmented_padding/output/Tan/3/1_1/000018
/media/data2/users/dangmanhtruong95/Kinect_1_original_augmented_padding/output/Tan/3/3_1/000001
/media/data2/users/dangmanhtruong95/Kinect_1_original_augmented_padding/output/Tan/3/3_1/000011
/media/data2/users/dangmanhtruong95/Kinect_1_original_augmented_padding/output/Tan/3/2_2/000001
/media/data2/users/dangmanhtruong95/Kinect_1_original_augmented_padding/output/Tan/3/2_2/000016
/media/data2/users/dangmanhtruong95/Kinect_1_original_augmented_padding/output/Tan/3/2_1/000001
/media/data2/users/dangmanhtruong95/Kinect_1_original_augmented_padding/output/Tan/3/2_1/000016
/media/data2/users/dangmanhtruong95/Kinect_1_original_augmented_padding/output/Tan/4/5_3/000001
/media/data2/users/dangmanhtruong95/Kinect_1_original_augmented_padding/output/Tan/4/5_3/000017
/media/data2/users/dangmanhtruong95/Kinect_1_original_augmented_padding/output/Tan/4/5_3/000021
/media/data2/users/dangmanhtruong95/Kinect_1_original_augmented_padding/output/Tan/4/3_3/000001
/media/data2/users/dangmanhtruong95/Kinect_1_original_augmented_padding/output/Tan/4/3_3/000006
/media/data2/users/dangmanhtruong95/Kinect_1_original_augmented_padding/output/Tan/4/2_5/000001
/media/data2/users/dangmanhtruong95/Kinect_1_original_augmented_padding/output/Tan/4/2_5/000008
/media/data2/users/dangmanhtruong95/Kinect_1_original_augmented_padding/output/Tan/4/3_2/000001
/media/data2/users/dangmanhtruong95/Kinect_1_original_augmented_padding/output/Tan/4/3_2/000006
/media/data2/users/dangmanhtruong95/Kinect_1_original_augmented_padding/output/Tan/4/2_4/000001
/media/data2/users/dangmanhtruong95/Kinect_1_original_augmented_padding/output/Tan/4/2_4/000008
/media/data2/users/dangmanhtruong95/Kinect_1_original_augmented_padding/output/Tan/4/1_3/000001
/media/data2/users/dangmanhtruong95/Kinect_1_original_augmented_padding/output/Tan/4/1_3/000013
/media/data2/users/dangmanhtruong95/Kinect_1_original_augmented_padding/output/Tan/4/4_2/000001
/media/data2/users/dangmanhtruong95/Kinect_1_original_augmented_padding/output/Tan/4/4_2/000010
/media/data2/users/dangmanhtruong95/Kinect_1_original_augmented_padding/output/Tan/4/5_2/000001
/media/data2/users/dangmanhtruong95/Kinect_1_original_augmented_padding/output/Tan/4/5_2/000017
/media/data2/users/dangmanhtruong95/Kinect_1_original_augmented_padding/output/Tan/4/5_2/000021
/media/data2/users/dangmanhtruong95/Kinect_1_original_augmented_padding/output/Tan/4/1_4/000001
/media/data2/users/dangmanhtruong95/Kinect_1_original_augmented_padding/output/Tan/4/1_4/000013
/media/data2/users/dangmanhtruong95/Kinect_1_original_augmented_padding/output/Tan/4/4_5/000001
/media/data2/users/dangmanhtruong95/Kinect_1_original_augmented_padding/output/Tan/4/4_5/000010
/media/data2/users/dangmanhtruong95/Kinect_1_original_augmented_padding/output/Tan/4/3_4/000001
/media/data2/users/dangmanhtruong95/Kinect_1_original_augmented_padding/output/Tan/4/3_4/000006
/media/data2/users/dangmanhtruong95/Kinect_1_original_augmented_padding/output/Tan/4/5_1/000001
/media/data2/users/dangmanhtruong95/Kinect_1_original_augmented_padding/output/Tan/4/5_1/000017
/media/data2/users/dangmanhtruong95/Kinect_1_original_augmented_padding/output/Tan/4/5_1/000021
/media/data2/users/dangmanhtruong95/Kinect_1_original_augmented_padding/output/Tan/4/3_5/000001
/media/data2/users/dangmanhtruong95/Kinect_1_original_augmented_padding/output/Tan/4/3_5/000006
/media/data2/users/dangmanhtruong95/Kinect_1_original_augmented_padding/output/Tan/4/1_5/000001
/media/data2/users/dangmanhtruong95/Kinect_1_original_augmented_padding/output/Tan/4/1_5/000013
/media/data2/users/dangmanhtruong95/Kinect_1_original_augmented_padding/output/Tan/4/4_3/000001
/media/data2/users/dangmanhtruong95/Kinect_1_original_augmented_padding/output/Tan/4/4_3/000010
/media/data2/users/dangmanhtruong95/Kinect_1_original_augmented_padding/output/Tan/4/2_3/000001
/media/data2/users/dangmanhtruong95/Kinect_1_original_augmented_padding/output/Tan/4/2_3/000008
/media/data2/users/dangmanhtruong95/Kinect_1_original_augmented_padding/output/Tan/4/1_2/000001
/media/data2/users/dangmanhtruong95/Kinect_1_original_augmented_padding/output/Tan/4/1_2/000013
/media/data2/users/dangmanhtruong95/Kinect_1_original_augmented_padding/output/Tan/4/4_4/000001
/media/data2/users/dangmanhtruong95/Kinect_1_original_augmented_padding/output/Tan/4/4_4/000010
/media/data2/users/dangmanhtruong95/Kinect_1_original_augmented_padding/output/Tan/4/5_4/000001
/media/data2/users/dangmanhtruong95/Kinect_1_original_augmented_padding/output/Tan/4/5_4/000017
/media/data2/users/dangmanhtruong95/Kinect_1_original_augmented_padding/output/Tan/4/5_4/000021
/media/data2/users/dangmanhtruong95/Kinect_1_original_augmented_padding/output/Tan/4/5_5/000001
/media/data2/users/dangmanhtruong95/Kinect_1_original_augmented_padding/output/Tan/4/5_5/000017
/media/data2/users/dangmanhtruong95/Kinect_1_original_augmented_padding/output/Tan/4/5_5/000021
/media/data2/users/dangmanhtruong95/Kinect_1_original_augmented_padding/output/Tan/4/4_1/000001
/media/data2/users/dangmanhtruong95/Kinect_1_original_augmented_padding/output/Tan/4/4_1/000010
/media/data2/users/dangmanhtruong95/Kinect_1_original_augmented_padding/output/Tan/4/1_1/000001
/media/data2/users/dangmanhtruong95/Kinect_1_original_augmented_padding/output/Tan/4/1_1/000013
/media/data2/users/dangmanhtruong95/Kinect_1_original_augmented_padding/output/Tan/4/3_1/000001
/media/data2/users/dangmanhtruong95/Kinect_1_original_augmented_padding/output/Tan/4/3_1/000006
/media/data2/users/dangmanhtruong95/Kinect_1_original_augmented_padding/output/Tan/4/2_2/000001
/media/data2/users/dangmanhtruong95/Kinect_1_original_augmented_padding/output/Tan/4/2_2/000008
/media/data2/users/dangmanhtruong95/Kinect_1_original_augmented_padding/output/Tan/4/2_1/000001
/media/data2/users/dangmanhtruong95/Kinect_1_original_augmented_padding/output/Tan/4/2_1/000008
/media/data2/users/dangmanhtruong95/Kinect_1_original_augmented_padding/output/Tan/5/5_3/000001
/media/data2/users/dangmanhtruong95/Kinect_1_original_augmented_padding/output/Tan/5/5_3/000003
/media/data2/users/dangmanhtruong95/Kinect_1_original_augmented_padding/output/Tan/5/3_3/000001
/media/data2/users/dangmanhtruong95/Kinect_1_original_augmented_padding/output/Tan/5/3_3/000007
/media/data2/users/dangmanhtruong95/Kinect_1_original_augmented_padding/output/Tan/5/2_5/000001
/media/data2/users/dangmanhtruong95/Kinect_1_original_augmented_padding/output/Tan/5/2_5/000004
/media/data2/users/dangmanhtruong95/Kinect_1_original_augmented_padding/output/Tan/5/3_2/000001
/media/data2/users/dangmanhtruong95/Kinect_1_original_augmented_padding/output/Tan/5/3_2/000007
/media/data2/users/dangmanhtruong95/Kinect_1_original_augmented_padding/output/Tan/5/2_4/000001
/media/data2/users/dangmanhtruong95/Kinect_1_original_augmented_padding/output/Tan/5/2_4/000004
/media/data2/users/dangmanhtruong95/Kinect_1_original_augmented_padding/output/Tan/5/1_3/000001
/media/data2/users/dangmanhtruong95/Kinect_1_original_augmented_padding/output/Tan/5/1_3/000008
/media/data2/users/dangmanhtruong95/Kinect_1_original_augmented_padding/output/Tan/5/4_2/000001
/media/data2/users/dangmanhtruong95/Kinect_1_original_augmented_padding/output/Tan/5/4_2/000010
/media/data2/users/dangmanhtruong95/Kinect_1_original_augmented_padding/output/Tan/5/5_2/000001
/media/data2/users/dangmanhtruong95/Kinect_1_original_augmented_padding/output/Tan/5/5_2/000003
/media/data2/users/dangmanhtruong95/Kinect_1_original_augmented_padding/output/Tan/5/1_4/000001
/media/data2/users/dangmanhtruong95/Kinect_1_original_augmented_padding/output/Tan/5/1_4/000008
/media/data2/users/dangmanhtruong95/Kinect_1_original_augmented_padding/output/Tan/5/4_5/000001
/media/data2/users/dangmanhtruong95/Kinect_1_original_augmented_padding/output/Tan/5/4_5/000010
/media/data2/users/dangmanhtruong95/Kinect_1_original_augmented_padding/output/Tan/5/3_4/000001
/media/data2/users/dangmanhtruong95/Kinect_1_original_augmented_padding/output/Tan/5/3_4/000007
/media/data2/users/dangmanhtruong95/Kinect_1_original_augmented_padding/output/Tan/5/5_1/000001
/media/data2/users/dangmanhtruong95/Kinect_1_original_augmented_padding/output/Tan/5/5_1/000003
/media/data2/users/dangmanhtruong95/Kinect_1_original_augmented_padding/output/Tan/5/3_5/000001
/media/data2/users/dangmanhtruong95/Kinect_1_original_augmented_padding/output/Tan/5/3_5/000007
/media/data2/users/dangmanhtruong95/Kinect_1_original_augmented_padding/output/Tan/5/1_5/000001
/media/data2/users/dangmanhtruong95/Kinect_1_original_augmented_padding/output/Tan/5/1_5/000008
/media/data2/users/dangmanhtruong95/Kinect_1_original_augmented_padding/output/Tan/5/4_3/000001
/media/data2/users/dangmanhtruong95/Kinect_1_original_augmented_padding/output/Tan/5/4_3/000010
/media/data2/users/dangmanhtruong95/Kinect_1_original_augmented_padding/output/Tan/5/2_3/000001
/media/data2/users/dangmanhtruong95/Kinect_1_original_augmented_padding/output/Tan/5/2_3/000004
/media/data2/users/dangmanhtruong95/Kinect_1_original_augmented_padding/output/Tan/5/1_2/000001
/media/data2/users/dangmanhtruong95/Kinect_1_original_augmented_padding/output/Tan/5/1_2/000008
/media/data2/users/dangmanhtruong95/Kinect_1_original_augmented_padding/output/Tan/5/4_4/000001
/media/data2/users/dangmanhtruong95/Kinect_1_original_augmented_padding/output/Tan/5/4_4/000010
/media/data2/users/dangmanhtruong95/Kinect_1_original_augmented_padding/output/Tan/5/5_4/000001
/media/data2/users/dangmanhtruong95/Kinect_1_original_augmented_padding/output/Tan/5/5_4/000003
/media/data2/users/dangmanhtruong95/Kinect_1_original_augmented_padding/output/Tan/5/5_5/000001
/media/data2/users/dangmanhtruong95/Kinect_1_original_augmented_padding/output/Tan/5/5_5/000003
/media/data2/users/dangmanhtruong95/Kinect_1_original_augmented_padding/output/Tan/5/4_1/000001
/media/data2/users/dangmanhtruong95/Kinect_1_original_augmented_padding/output/Tan/5/4_1/000010
/media/data2/users/dangmanhtruong95/Kinect_1_original_augmented_padding/output/Tan/5/1_1/000001
/media/data2/users/dangmanhtruong95/Kinect_1_original_augmented_padding/output/Tan/5/1_1/000008
/media/data2/users/dangmanhtruong95/Kinect_1_original_augmented_padding/output/Tan/5/3_1/000001
/media/data2/users/dangmanhtruong95/Kinect_1_original_augmented_padding/output/Tan/5/3_1/000007
/media/data2/users/dangmanhtruong95/Kinect_1_original_augmented_padding/output/Tan/5/2_2/000001
/media/data2/users/dangmanhtruong95/Kinect_1_original_augmented_padding/output/Tan/5/2_2/000004
/media/data2/users/dangmanhtruong95/Kinect_1_original_augmented_padding/output/Tan/5/2_1/000001
/media/data2/users/dangmanhtruong95/Kinect_1_original_augmented_padding/output/Tan/5/2_1/000004
/media/data2/users/dangmanhtruong95/Kinect_1_original_augmented_padding/output/Binh/1/5_3/000001
/media/data2/users/dangmanhtruong95/Kinect_1_original_augmented_padding/output/Binh/1/3_3/000001
/media/data2/users/dangmanhtruong95/Kinect_1_original_augmented_padding/output/Binh/1/2_5/000001
/media/data2/users/dangmanhtruong95/Kinect_1_original_augmented_padding/output/Binh/1/3_2/000001
/media/data2/users/dangmanhtruong95/Kinect_1_original_augmented_padding/output/Binh/1/2_4/000001
/media/data2/users/dangmanhtruong95/Kinect_1_original_augmented_padding/output/Binh/1/1_3/000001
/media/data2/users/dangmanhtruong95/Kinect_1_original_augmented_padding/output/Binh/1/4_2/000001
/media/data2/users/dangmanhtruong95/Kinect_1_original_augmented_padding/output/Binh/1/5_2/000001
/media/data2/users/dangmanhtruong95/Kinect_1_original_augmented_padding/output/Binh/1/1_4/000001
/media/data2/users/dangmanhtruong95/Kinect_1_original_augmented_padding/output/Binh/1/4_5/000001
/media/data2/users/dangmanhtruong95/Kinect_1_original_augmented_padding/output/Binh/1/3_4/000001
/media/data2/users/dangmanhtruong95/Kinect_1_original_augmented_padding/output/Binh/1/5_1/000001
/media/data2/users/dangmanhtruong95/Kinect_1_original_augmented_padding/output/Binh/1/3_5/000001
/media/data2/users/dangmanhtruong95/Kinect_1_original_augmented_padding/output/Binh/1/1_5/000001
/media/data2/users/dangmanhtruong95/Kinect_1_original_augmented_padding/output/Binh/1/4_3/000001
/media/data2/users/dangmanhtruong95/Kinect_1_original_augmented_padding/output/Binh/1/2_3/000001
/media/data2/users/dangmanhtruong95/Kinect_1_original_augmented_padding/output/Binh/1/1_2/000001
/media/data2/users/dangmanhtruong95/Kinect_1_original_augmented_padding/output/Binh/1/4_4/000001
/media/data2/users/dangmanhtruong95/Kinect_1_original_augmented_padding/output/Binh/1/5_4/000001
/media/data2/users/dangmanhtruong95/Kinect_1_original_augmented_padding/output/Binh/1/5_5/000001
/media/data2/users/dangmanhtruong95/Kinect_1_original_augmented_padding/output/Binh/1/4_1/000001
/media/data2/users/dangmanhtruong95/Kinect_1_original_augmented_padding/output/Binh/1/1_1/000001
/media/data2/users/dangmanhtruong95/Kinect_1_original_augmented_padding/output/Binh/1/3_1/000001
/media/data2/users/dangmanhtruong95/Kinect_1_original_augmented_padding/output/Binh/1/2_2/000001
/media/data2/users/dangmanhtruong95/Kinect_1_original_augmented_padding/output/Binh/1/2_1/000001
/media/data2/users/dangmanhtruong95/Kinect_1_original_augmented_padding/output/Binh/2/3_3/000001
/media/data2/users/dangmanhtruong95/Kinect_1_original_augmented_padding/output/Binh/2/2_5/000001
/media/data2/users/dangmanhtruong95/Kinect_1_original_augmented_padding/output/Binh/2/3_2/000001
/media/data2/users/dangmanhtruong95/Kinect_1_original_augmented_padding/output/Binh/2/2_4/000001
/media/data2/users/dangmanhtruong95/Kinect_1_original_augmented_padding/output/Binh/2/1_3/000001
/media/data2/users/dangmanhtruong95/Kinect_1_original_augmented_padding/output/Binh/2/1_3/000007
/media/data2/users/dangmanhtruong95/Kinect_1_original_augmented_padding/output/Binh/2/4_2/000001
/media/data2/users/dangmanhtruong95/Kinect_1_original_augmented_padding/output/Binh/2/1_4/000001
/media/data2/users/dangmanhtruong95/Kinect_1_original_augmented_padding/output/Binh/2/1_4/000007
/media/data2/users/dangmanhtruong95/Kinect_1_original_augmented_padding/output/Binh/2/4_5/000001
/media/data2/users/dangmanhtruong95/Kinect_1_original_augmented_padding/output/Binh/2/3_4/000001
/media/data2/users/dangmanhtruong95/Kinect_1_original_augmented_padding/output/Binh/2/3_5/000001
/media/data2/users/dangmanhtruong95/Kinect_1_original_augmented_padding/output/Binh/2/1_5/000001
/media/data2/users/dangmanhtruong95/Kinect_1_original_augmented_padding/output/Binh/2/1_5/000007
/media/data2/users/dangmanhtruong95/Kinect_1_original_augmented_padding/output/Binh/2/4_3/000001
/media/data2/users/dangmanhtruong95/Kinect_1_original_augmented_padding/output/Binh/2/2_3/000001
/media/data2/users/dangmanhtruong95/Kinect_1_original_augmented_padding/output/Binh/2/1_2/000001
/media/data2/users/dangmanhtruong95/Kinect_1_original_augmented_padding/output/Binh/2/1_2/000007
/media/data2/users/dangmanhtruong95/Kinect_1_original_augmented_padding/output/Binh/2/4_4/000001
/media/data2/users/dangmanhtruong95/Kinect_1_original_augmented_padding/output/Binh/2/4_1/000001
/media/data2/users/dangmanhtruong95/Kinect_1_original_augmented_padding/output/Binh/2/1_1/000001
/media/data2/users/dangmanhtruong95/Kinect_1_original_augmented_padding/output/Binh/2/1_1/000007
/media/data2/users/dangmanhtruong95/Kinect_1_original_augmented_padding/output/Binh/2/3_1/000001
/media/data2/users/dangmanhtruong95/Kinect_1_original_augmented_padding/output/Binh/2/2_2/000001
/media/data2/users/dangmanhtruong95/Kinect_1_original_augmented_padding/output/Binh/2/2_1/000001
/media/data2/users/dangmanhtruong95/Kinect_1_original_augmented_padding/output/Binh/3/5_3/000001
/media/data2/users/dangmanhtruong95/Kinect_1_original_augmented_padding/output/Binh/3/5_3/000017
/media/data2/users/dangmanhtruong95/Kinect_1_original_augmented_padding/output/Binh/3/5_3/000022
/media/data2/users/dangmanhtruong95/Kinect_1_original_augmented_padding/output/Binh/3/3_3/000001
/media/data2/users/dangmanhtruong95/Kinect_1_original_augmented_padding/output/Binh/3/3_3/000017
/media/data2/users/dangmanhtruong95/Kinect_1_original_augmented_padding/output/Binh/3/3_3/000022
/media/data2/users/dangmanhtruong95/Kinect_1_original_augmented_padding/output/Binh/3/6_5/000001
/media/data2/users/dangmanhtruong95/Kinect_1_original_augmented_padding/output/Binh/3/6_5/000017
/media/data2/users/dangmanhtruong95/Kinect_1_original_augmented_padding/output/Binh/3/6_5/000028
/media/data2/users/dangmanhtruong95/Kinect_1_original_augmented_padding/output/Binh/3/2_5/000001
/media/data2/users/dangmanhtruong95/Kinect_1_original_augmented_padding/output/Binh/3/2_5/000017
/media/data2/users/dangmanhtruong95/Kinect_1_original_augmented_padding/output/Binh/3/2_5/000018
/media/data2/users/dangmanhtruong95/Kinect_1_original_augmented_padding/output/Binh/3/9_1/000001
/media/data2/users/dangmanhtruong95/Kinect_1_original_augmented_padding/output/Binh/3/9_1/000014
/media/data2/users/dangmanhtruong95/Kinect_1_original_augmented_padding/output/Binh/3/3_2/000001
/media/data2/users/dangmanhtruong95/Kinect_1_original_augmented_padding/output/Binh/3/3_2/000017
/media/data2/users/dangmanhtruong95/Kinect_1_original_augmented_padding/output/Binh/3/3_2/000022
/media/data2/users/dangmanhtruong95/Kinect_1_original_augmented_padding/output/Binh/3/9_5/000001
/media/data2/users/dangmanhtruong95/Kinect_1_original_augmented_padding/output/Binh/3/9_5/000014
/media/data2/users/dangmanhtruong95/Kinect_1_original_augmented_padding/output/Binh/3/2_4/000001
/media/data2/users/dangmanhtruong95/Kinect_1_original_augmented_padding/output/Binh/3/2_4/000017
/media/data2/users/dangmanhtruong95/Kinect_1_original_augmented_padding/output/Binh/3/2_4/000018
/media/data2/users/dangmanhtruong95/Kinect_1_original_augmented_padding/output/Binh/3/9_2/000001
/media/data2/users/dangmanhtruong95/Kinect_1_original_augmented_padding/output/Binh/3/9_2/000014
/media/data2/users/dangmanhtruong95/Kinect_1_original_augmented_padding/output/Binh/3/1_3/000001
/media/data2/users/dangmanhtruong95/Kinect_1_original_augmented_padding/output/Binh/3/1_3/000007
/media/data2/users/dangmanhtruong95/Kinect_1_original_augmented_padding/output/Binh/3/7_1/000001
/media/data2/users/dangmanhtruong95/Kinect_1_original_augmented_padding/output/Binh/3/7_1/000017
/media/data2/users/dangmanhtruong95/Kinect_1_original_augmented_padding/output/Binh/3/7_1/000019
/media/data2/users/dangmanhtruong95/Kinect_1_original_augmented_padding/output/Binh/3/4_2/000001
/media/data2/users/dangmanhtruong95/Kinect_1_original_augmented_padding/output/Binh/3/4_2/000010
/media/data2/users/dangmanhtruong95/Kinect_1_original_augmented_padding/output/Binh/3/5_2/000001
/media/data2/users/dangmanhtruong95/Kinect_1_original_augmented_padding/output/Binh/3/5_2/000017
/media/data2/users/dangmanhtruong95/Kinect_1_original_augmented_padding/output/Binh/3/5_2/000022
/media/data2/users/dangmanhtruong95/Kinect_1_original_augmented_padding/output/Binh/3/6_4/000001
/media/data2/users/dangmanhtruong95/Kinect_1_original_augmented_padding/output/Binh/3/6_4/000017
/media/data2/users/dangmanhtruong95/Kinect_1_original_augmented_padding/output/Binh/3/6_4/000028
/media/data2/users/dangmanhtruong95/Kinect_1_original_augmented_padding/output/Binh/3/7_4/000001
/media/data2/users/dangmanhtruong95/Kinect_1_original_augmented_padding/output/Binh/3/7_4/000017
/media/data2/users/dangmanhtruong95/Kinect_1_original_augmented_padding/output/Binh/3/7_4/000019
/media/data2/users/dangmanhtruong95/Kinect_1_original_augmented_padding/output/Binh/3/1_4/000001
/media/data2/users/dangmanhtruong95/Kinect_1_original_augmented_padding/output/Binh/3/1_4/000007
/media/data2/users/dangmanhtruong95/Kinect_1_original_augmented_padding/output/Binh/3/8_3/000001
/media/data2/users/dangmanhtruong95/Kinect_1_original_augmented_padding/output/Binh/3/8_3/000017
/media/data2/users/dangmanhtruong95/Kinect_1_original_augmented_padding/output/Binh/3/8_3/000025
/media/data2/users/dangmanhtruong95/Kinect_1_original_augmented_padding/output/Binh/3/8_2/000001
/media/data2/users/dangmanhtruong95/Kinect_1_original_augmented_padding/output/Binh/3/8_2/000017
/media/data2/users/dangmanhtruong95/Kinect_1_original_augmented_padding/output/Binh/3/8_2/000025
/media/data2/users/dangmanhtruong95/Kinect_1_original_augmented_padding/output/Binh/3/8_1/000001
/media/data2/users/dangmanhtruong95/Kinect_1_original_augmented_padding/output/Binh/3/8_1/000017
/media/data2/users/dangmanhtruong95/Kinect_1_original_augmented_padding/output/Binh/3/8_1/000025
/media/data2/users/dangmanhtruong95/Kinect_1_original_augmented_padding/output/Binh/3/4_5/000001
/media/data2/users/dangmanhtruong95/Kinect_1_original_augmented_padding/output/Binh/3/4_5/000010
/media/data2/users/dangmanhtruong95/Kinect_1_original_augmented_padding/output/Binh/3/8_4/000001
/media/data2/users/dangmanhtruong95/Kinect_1_original_augmented_padding/output/Binh/3/8_4/000017
/media/data2/users/dangmanhtruong95/Kinect_1_original_augmented_padding/output/Binh/3/8_4/000025
/media/data2/users/dangmanhtruong95/Kinect_1_original_augmented_padding/output/Binh/3/3_4/000001
/media/data2/users/dangmanhtruong95/Kinect_1_original_augmented_padding/output/Binh/3/3_4/000017
/media/data2/users/dangmanhtruong95/Kinect_1_original_augmented_padding/output/Binh/3/3_4/000022
/media/data2/users/dangmanhtruong95/Kinect_1_original_augmented_padding/output/Binh/3/5_1/000001
/media/data2/users/dangmanhtruong95/Kinect_1_original_augmented_padding/output/Binh/3/5_1/000017
/media/data2/users/dangmanhtruong95/Kinect_1_original_augmented_padding/output/Binh/3/5_1/000022
/media/data2/users/dangmanhtruong95/Kinect_1_original_augmented_padding/output/Binh/3/9_4/000001
/media/data2/users/dangmanhtruong95/Kinect_1_original_augmented_padding/output/Binh/3/9_4/000014
/media/data2/users/dangmanhtruong95/Kinect_1_original_augmented_padding/output/Binh/3/8_5/000001
/media/data2/users/dangmanhtruong95/Kinect_1_original_augmented_padding/output/Binh/3/8_5/000017
/media/data2/users/dangmanhtruong95/Kinect_1_original_augmented_padding/output/Binh/3/8_5/000025
/media/data2/users/dangmanhtruong95/Kinect_1_original_augmented_padding/output/Binh/3/3_5/000001
/media/data2/users/dangmanhtruong95/Kinect_1_original_augmented_padding/output/Binh/3/3_5/000017
/media/data2/users/dangmanhtruong95/Kinect_1_original_augmented_padding/output/Binh/3/3_5/000022
/media/data2/users/dangmanhtruong95/Kinect_1_original_augmented_padding/output/Binh/3/1_5/000001
/media/data2/users/dangmanhtruong95/Kinect_1_original_augmented_padding/output/Binh/3/1_5/000007
/media/data2/users/dangmanhtruong95/Kinect_1_original_augmented_padding/output/Binh/3/6_2/000001
/media/data2/users/dangmanhtruong95/Kinect_1_original_augmented_padding/output/Binh/3/6_2/000017
/media/data2/users/dangmanhtruong95/Kinect_1_original_augmented_padding/output/Binh/3/6_2/000028
/media/data2/users/dangmanhtruong95/Kinect_1_original_augmented_padding/output/Binh/3/4_3/000001
/media/data2/users/dangmanhtruong95/Kinect_1_original_augmented_padding/output/Binh/3/4_3/000010
/media/data2/users/dangmanhtruong95/Kinect_1_original_augmented_padding/output/Binh/3/6_1/000001
/media/data2/users/dangmanhtruong95/Kinect_1_original_augmented_padding/output/Binh/3/6_1/000017
/media/data2/users/dangmanhtruong95/Kinect_1_original_augmented_padding/output/Binh/3/6_1/000028
/media/data2/users/dangmanhtruong95/Kinect_1_original_augmented_padding/output/Binh/3/2_3/000001
/media/data2/users/dangmanhtruong95/Kinect_1_original_augmented_padding/output/Binh/3/2_3/000017
/media/data2/users/dangmanhtruong95/Kinect_1_original_augmented_padding/output/Binh/3/2_3/000018
/media/data2/users/dangmanhtruong95/Kinect_1_original_augmented_padding/output/Binh/3/1_2/000001
/media/data2/users/dangmanhtruong95/Kinect_1_original_augmented_padding/output/Binh/3/1_2/000007
/media/data2/users/dangmanhtruong95/Kinect_1_original_augmented_padding/output/Binh/3/4_4/000001
/media/data2/users/dangmanhtruong95/Kinect_1_original_augmented_padding/output/Binh/3/4_4/000010
/media/data2/users/dangmanhtruong95/Kinect_1_original_augmented_padding/output/Binh/3/5_4/000001
/media/data2/users/dangmanhtruong95/Kinect_1_original_augmented_padding/output/Binh/3/5_4/000017
/media/data2/users/dangmanhtruong95/Kinect_1_original_augmented_padding/output/Binh/3/5_4/000022
/media/data2/users/dangmanhtruong95/Kinect_1_original_augmented_padding/output/Binh/3/5_5/000001
/media/data2/users/dangmanhtruong95/Kinect_1_original_augmented_padding/output/Binh/3/5_5/000017
/media/data2/users/dangmanhtruong95/Kinect_1_original_augmented_padding/output/Binh/3/5_5/000022
/media/data2/users/dangmanhtruong95/Kinect_1_original_augmented_padding/output/Binh/3/4_1/000001
/media/data2/users/dangmanhtruong95/Kinect_1_original_augmented_padding/output/Binh/3/4_1/000010
/media/data2/users/dangmanhtruong95/Kinect_1_original_augmented_padding/output/Binh/3/7_2/000001
/media/data2/users/dangmanhtruong95/Kinect_1_original_augmented_padding/output/Binh/3/7_2/000017
/media/data2/users/dangmanhtruong95/Kinect_1_original_augmented_padding/output/Binh/3/7_2/000019
/media/data2/users/dangmanhtruong95/Kinect_1_original_augmented_padding/output/Binh/3/6_3/000001
/media/data2/users/dangmanhtruong95/Kinect_1_original_augmented_padding/output/Binh/3/6_3/000017
/media/data2/users/dangmanhtruong95/Kinect_1_original_augmented_padding/output/Binh/3/6_3/000028
/media/data2/users/dangmanhtruong95/Kinect_1_original_augmented_padding/output/Binh/3/7_5/000001
/media/data2/users/dangmanhtruong95/Kinect_1_original_augmented_padding/output/Binh/3/7_5/000017
/media/data2/users/dangmanhtruong95/Kinect_1_original_augmented_padding/output/Binh/3/7_5/000019
/media/data2/users/dangmanhtruong95/Kinect_1_original_augmented_padding/output/Binh/3/9_3/000001
/media/data2/users/dangmanhtruong95/Kinect_1_original_augmented_padding/output/Binh/3/9_3/000014
/media/data2/users/dangmanhtruong95/Kinect_1_original_augmented_padding/output/Binh/3/1_1/000001
/media/data2/users/dangmanhtruong95/Kinect_1_original_augmented_padding/output/Binh/3/1_1/000007
/media/data2/users/dangmanhtruong95/Kinect_1_original_augmented_padding/output/Binh/3/3_1/000001
/media/data2/users/dangmanhtruong95/Kinect_1_original_augmented_padding/output/Binh/3/3_1/000017
/media/data2/users/dangmanhtruong95/Kinect_1_original_augmented_padding/output/Binh/3/3_1/000022
/media/data2/users/dangmanhtruong95/Kinect_1_original_augmented_padding/output/Binh/3/7_3/000001
/media/data2/users/dangmanhtruong95/Kinect_1_original_augmented_padding/output/Binh/3/7_3/000017
/media/data2/users/dangmanhtruong95/Kinect_1_original_augmented_padding/output/Binh/3/7_3/000019
/media/data2/users/dangmanhtruong95/Kinect_1_original_augmented_padding/output/Binh/3/2_2/000001
/media/data2/users/dangmanhtruong95/Kinect_1_original_augmented_padding/output/Binh/3/2_2/000017
/media/data2/users/dangmanhtruong95/Kinect_1_original_augmented_padding/output/Binh/3/2_2/000018
/media/data2/users/dangmanhtruong95/Kinect_1_original_augmented_padding/output/Binh/3/2_1/000001
/media/data2/users/dangmanhtruong95/Kinect_1_original_augmented_padding/output/Binh/3/2_1/000017
/media/data2/users/dangmanhtruong95/Kinect_1_original_augmented_padding/output/Binh/3/2_1/000018
/media/data2/users/dangmanhtruong95/Kinect_1_original_augmented_padding/output/Binh/4/5_3/000001
/media/data2/users/dangmanhtruong95/Kinect_1_original_augmented_padding/output/Binh/4/5_3/000017
/media/data2/users/dangmanhtruong95/Kinect_1_original_augmented_padding/output/Binh/4/5_3/000033
/media/data2/users/dangmanhtruong95/Kinect_1_original_augmented_padding/output/Binh/4/5_3/000036
/media/data2/users/dangmanhtruong95/Kinect_1_original_augmented_padding/output/Binh/4/3_3/000001
/media/data2/users/dangmanhtruong95/Kinect_1_original_augmented_padding/output/Binh/4/3_3/000017
/media/data2/users/dangmanhtruong95/Kinect_1_original_augmented_padding/output/Binh/4/3_3/000033
/media/data2/users/dangmanhtruong95/Kinect_1_original_augmented_padding/output/Binh/4/3_3/000049
/media/data2/users/dangmanhtruong95/Kinect_1_original_augmented_padding/output/Binh/4/3_3/000055
/media/data2/users/dangmanhtruong95/Kinect_1_original_augmented_padding/output/Binh/4/2_5/000001
/media/data2/users/dangmanhtruong95/Kinect_1_original_augmented_padding/output/Binh/4/2_5/000017
/media/data2/users/dangmanhtruong95/Kinect_1_original_augmented_padding/output/Binh/4/2_5/000033
/media/data2/users/dangmanhtruong95/Kinect_1_original_augmented_padding/output/Binh/4/2_5/000049
/media/data2/users/dangmanhtruong95/Kinect_1_original_augmented_padding/output/Binh/4/2_5/000060
/media/data2/users/dangmanhtruong95/Kinect_1_original_augmented_padding/output/Binh/4/3_2/000001
/media/data2/users/dangmanhtruong95/Kinect_1_original_augmented_padding/output/Binh/4/3_2/000017
/media/data2/users/dangmanhtruong95/Kinect_1_original_augmented_padding/output/Binh/4/3_2/000033
/media/data2/users/dangmanhtruong95/Kinect_1_original_augmented_padding/output/Binh/4/3_2/000049
/media/data2/users/dangmanhtruong95/Kinect_1_original_augmented_padding/output/Binh/4/3_2/000055
/media/data2/users/dangmanhtruong95/Kinect_1_original_augmented_padding/output/Binh/4/2_4/000001
/media/data2/users/dangmanhtruong95/Kinect_1_original_augmented_padding/output/Binh/4/2_4/000017
/media/data2/users/dangmanhtruong95/Kinect_1_original_augmented_padding/output/Binh/4/2_4/000033
/media/data2/users/dangmanhtruong95/Kinect_1_original_augmented_padding/output/Binh/4/2_4/000049
/media/data2/users/dangmanhtruong95/Kinect_1_original_augmented_padding/output/Binh/4/2_4/000060
/media/data2/users/dangmanhtruong95/Kinect_1_original_augmented_padding/output/Binh/4/1_3/000001
/media/data2/users/dangmanhtruong95/Kinect_1_original_augmented_padding/output/Binh/4/1_3/000017
/media/data2/users/dangmanhtruong95/Kinect_1_original_augmented_padding/output/Binh/4/1_3/000021
/media/data2/users/dangmanhtruong95/Kinect_1_original_augmented_padding/output/Binh/4/4_2/000001
/media/data2/users/dangmanhtruong95/Kinect_1_original_augmented_padding/output/Binh/4/4_2/000017
/media/data2/users/dangmanhtruong95/Kinect_1_original_augmented_padding/output/Binh/4/4_2/000033
/media/data2/users/dangmanhtruong95/Kinect_1_original_augmented_padding/output/Binh/4/4_2/000040
/media/data2/users/dangmanhtruong95/Kinect_1_original_augmented_padding/output/Binh/4/5_2/000001
/media/data2/users/dangmanhtruong95/Kinect_1_original_augmented_padding/output/Binh/4/5_2/000017
/media/data2/users/dangmanhtruong95/Kinect_1_original_augmented_padding/output/Binh/4/5_2/000033
/media/data2/users/dangmanhtruong95/Kinect_1_original_augmented_padding/output/Binh/4/5_2/000036
/media/data2/users/dangmanhtruong95/Kinect_1_original_augmented_padding/output/Binh/4/1_4/000001
/media/data2/users/dangmanhtruong95/Kinect_1_original_augmented_padding/output/Binh/4/1_4/000017
/media/data2/users/dangmanhtruong95/Kinect_1_original_augmented_padding/output/Binh/4/1_4/000021
/media/data2/users/dangmanhtruong95/Kinect_1_original_augmented_padding/output/Binh/4/4_5/000001
/media/data2/users/dangmanhtruong95/Kinect_1_original_augmented_padding/output/Binh/4/4_5/000017
/media/data2/users/dangmanhtruong95/Kinect_1_original_augmented_padding/output/Binh/4/4_5/000033
/media/data2/users/dangmanhtruong95/Kinect_1_original_augmented_padding/output/Binh/4/4_5/000040
/media/data2/users/dangmanhtruong95/Kinect_1_original_augmented_padding/output/Binh/4/3_4/000001
/media/data2/users/dangmanhtruong95/Kinect_1_original_augmented_padding/output/Binh/4/3_4/000017
/media/data2/users/dangmanhtruong95/Kinect_1_original_augmented_padding/output/Binh/4/3_4/000033
/media/data2/users/dangmanhtruong95/Kinect_1_original_augmented_padding/output/Binh/4/3_4/000049
/media/data2/users/dangmanhtruong95/Kinect_1_original_augmented_padding/output/Binh/4/3_4/000055
/media/data2/users/dangmanhtruong95/Kinect_1_original_augmented_padding/output/Binh/4/5_1/000001
/media/data2/users/dangmanhtruong95/Kinect_1_original_augmented_padding/output/Binh/4/5_1/000017
/media/data2/users/dangmanhtruong95/Kinect_1_original_augmented_padding/output/Binh/4/5_1/000033
/media/data2/users/dangmanhtruong95/Kinect_1_original_augmented_padding/output/Binh/4/5_1/000036
/media/data2/users/dangmanhtruong95/Kinect_1_original_augmented_padding/output/Binh/4/3_5/000001
/media/data2/users/dangmanhtruong95/Kinect_1_original_augmented_padding/output/Binh/4/3_5/000017
/media/data2/users/dangmanhtruong95/Kinect_1_original_augmented_padding/output/Binh/4/3_5/000033
/media/data2/users/dangmanhtruong95/Kinect_1_original_augmented_padding/output/Binh/4/3_5/000049
/media/data2/users/dangmanhtruong95/Kinect_1_original_augmented_padding/output/Binh/4/3_5/000055
/media/data2/users/dangmanhtruong95/Kinect_1_original_augmented_padding/output/Binh/4/1_5/000001
/media/data2/users/dangmanhtruong95/Kinect_1_original_augmented_padding/output/Binh/4/1_5/000017
/media/data2/users/dangmanhtruong95/Kinect_1_original_augmented_padding/output/Binh/4/1_5/000021
/media/data2/users/dangmanhtruong95/Kinect_1_original_augmented_padding/output/Binh/4/4_3/000001
/media/data2/users/dangmanhtruong95/Kinect_1_original_augmented_padding/output/Binh/4/4_3/000017
/media/data2/users/dangmanhtruong95/Kinect_1_original_augmented_padding/output/Binh/4/4_3/000033
/media/data2/users/dangmanhtruong95/Kinect_1_original_augmented_padding/output/Binh/4/4_3/000040
/media/data2/users/dangmanhtruong95/Kinect_1_original_augmented_padding/output/Binh/4/2_3/000001
/media/data2/users/dangmanhtruong95/Kinect_1_original_augmented_padding/output/Binh/4/2_3/000017
/media/data2/users/dangmanhtruong95/Kinect_1_original_augmented_padding/output/Binh/4/2_3/000033
/media/data2/users/dangmanhtruong95/Kinect_1_original_augmented_padding/output/Binh/4/2_3/000049
/media/data2/users/dangmanhtruong95/Kinect_1_original_augmented_padding/output/Binh/4/2_3/000060
/media/data2/users/dangmanhtruong95/Kinect_1_original_augmented_padding/output/Binh/4/1_2/000001
/media/data2/users/dangmanhtruong95/Kinect_1_original_augmented_padding/output/Binh/4/1_2/000017
/media/data2/users/dangmanhtruong95/Kinect_1_original_augmented_padding/output/Binh/4/1_2/000021
/media/data2/users/dangmanhtruong95/Kinect_1_original_augmented_padding/output/Binh/4/4_4/000001
/media/data2/users/dangmanhtruong95/Kinect_1_original_augmented_padding/output/Binh/4/4_4/000017
/media/data2/users/dangmanhtruong95/Kinect_1_original_augmented_padding/output/Binh/4/4_4/000033
/media/data2/users/dangmanhtruong95/Kinect_1_original_augmented_padding/output/Binh/4/4_4/000040
/media/data2/users/dangmanhtruong95/Kinect_1_original_augmented_padding/output/Binh/4/5_4/000001
/media/data2/users/dangmanhtruong95/Kinect_1_original_augmented_padding/output/Binh/4/5_4/000017
/media/data2/users/dangmanhtruong95/Kinect_1_original_augmented_padding/output/Binh/4/5_4/000033
/media/data2/users/dangmanhtruong95/Kinect_1_original_augmented_padding/output/Binh/4/5_4/000036
/media/data2/users/dangmanhtruong95/Kinect_1_original_augmented_padding/output/Binh/4/5_5/000001
/media/data2/users/dangmanhtruong95/Kinect_1_original_augmented_padding/output/Binh/4/5_5/000017
/media/data2/users/dangmanhtruong95/Kinect_1_original_augmented_padding/output/Binh/4/5_5/000033
/media/data2/users/dangmanhtruong95/Kinect_1_original_augmented_padding/output/Binh/4/5_5/000036
/media/data2/users/dangmanhtruong95/Kinect_1_original_augmented_padding/output/Binh/4/4_1/000001
/media/data2/users/dangmanhtruong95/Kinect_1_original_augmented_padding/output/Binh/4/4_1/000017
/media/data2/users/dangmanhtruong95/Kinect_1_original_augmented_padding/output/Binh/4/4_1/000033
/media/data2/users/dangmanhtruong95/Kinect_1_original_augmented_padding/output/Binh/4/4_1/000040
/media/data2/users/dangmanhtruong95/Kinect_1_original_augmented_padding/output/Binh/4/1_1/000001
/media/data2/users/dangmanhtruong95/Kinect_1_original_augmented_padding/output/Binh/4/1_1/000017
/media/data2/users/dangmanhtruong95/Kinect_1_original_augmented_padding/output/Binh/4/1_1/000021
/media/data2/users/dangmanhtruong95/Kinect_1_original_augmented_padding/output/Binh/4/3_1/000001
/media/data2/users/dangmanhtruong95/Kinect_1_original_augmented_padding/output/Binh/4/3_1/000017
/media/data2/users/dangmanhtruong95/Kinect_1_original_augmented_padding/output/Binh/4/3_1/000033
/media/data2/users/dangmanhtruong95/Kinect_1_original_augmented_padding/output/Binh/4/3_1/000049
/media/data2/users/dangmanhtruong95/Kinect_1_original_augmented_padding/output/Binh/4/3_1/000055
/media/data2/users/dangmanhtruong95/Kinect_1_original_augmented_padding/output/Binh/4/2_2/000001
/media/data2/users/dangmanhtruong95/Kinect_1_original_augmented_padding/output/Binh/4/2_2/000017
/media/data2/users/dangmanhtruong95/Kinect_1_original_augmented_padding/output/Binh/4/2_2/000033
/media/data2/users/dangmanhtruong95/Kinect_1_original_augmented_padding/output/Binh/4/2_2/000049
/media/data2/users/dangmanhtruong95/Kinect_1_original_augmented_padding/output/Binh/4/2_2/000060
/media/data2/users/dangmanhtruong95/Kinect_1_original_augmented_padding/output/Binh/4/2_1/000001
/media/data2/users/dangmanhtruong95/Kinect_1_original_augmented_padding/output/Binh/4/2_1/000017
/media/data2/users/dangmanhtruong95/Kinect_1_original_augmented_padding/output/Binh/4/2_1/000033
/media/data2/users/dangmanhtruong95/Kinect_1_original_augmented_padding/output/Binh/4/2_1/000049
/media/data2/users/dangmanhtruong95/Kinect_1_original_augmented_padding/output/Binh/4/2_1/000060
/media/data2/users/dangmanhtruong95/Kinect_1_original_augmented_padding/output/Binh/5/5_3/000001
/media/data2/users/dangmanhtruong95/Kinect_1_original_augmented_padding/output/Binh/5/5_3/000012
/media/data2/users/dangmanhtruong95/Kinect_1_original_augmented_padding/output/Binh/5/3_3/000001
/media/data2/users/dangmanhtruong95/Kinect_1_original_augmented_padding/output/Binh/5/3_3/000017
/media/data2/users/dangmanhtruong95/Kinect_1_original_augmented_padding/output/Binh/5/3_3/000027
/media/data2/users/dangmanhtruong95/Kinect_1_original_augmented_padding/output/Binh/5/2_5/000001
/media/data2/users/dangmanhtruong95/Kinect_1_original_augmented_padding/output/Binh/5/2_5/000017
/media/data2/users/dangmanhtruong95/Kinect_1_original_augmented_padding/output/Binh/5/2_5/000033
/media/data2/users/dangmanhtruong95/Kinect_1_original_augmented_padding/output/Binh/5/2_5/000041
/media/data2/users/dangmanhtruong95/Kinect_1_original_augmented_padding/output/Binh/5/3_2/000001
/media/data2/users/dangmanhtruong95/Kinect_1_original_augmented_padding/output/Binh/5/3_2/000017
/media/data2/users/dangmanhtruong95/Kinect_1_original_augmented_padding/output/Binh/5/3_2/000027
/media/data2/users/dangmanhtruong95/Kinect_1_original_augmented_padding/output/Binh/5/2_4/000001
/media/data2/users/dangmanhtruong95/Kinect_1_original_augmented_padding/output/Binh/5/2_4/000017
/media/data2/users/dangmanhtruong95/Kinect_1_original_augmented_padding/output/Binh/5/2_4/000033
/media/data2/users/dangmanhtruong95/Kinect_1_original_augmented_padding/output/Binh/5/2_4/000041
/media/data2/users/dangmanhtruong95/Kinect_1_original_augmented_padding/output/Binh/5/1_3/000001
/media/data2/users/dangmanhtruong95/Kinect_1_original_augmented_padding/output/Binh/5/1_3/000017
/media/data2/users/dangmanhtruong95/Kinect_1_original_augmented_padding/output/Binh/5/1_3/000030
/media/data2/users/dangmanhtruong95/Kinect_1_original_augmented_padding/output/Binh/5/4_2/000001
/media/data2/users/dangmanhtruong95/Kinect_1_original_augmented_padding/output/Binh/5/4_2/000014
/media/data2/users/dangmanhtruong95/Kinect_1_original_augmented_padding/output/Binh/5/5_2/000001
/media/data2/users/dangmanhtruong95/Kinect_1_original_augmented_padding/output/Binh/5/5_2/000012
/media/data2/users/dangmanhtruong95/Kinect_1_original_augmented_padding/output/Binh/5/1_4/000001
/media/data2/users/dangmanhtruong95/Kinect_1_original_augmented_padding/output/Binh/5/1_4/000017
/media/data2/users/dangmanhtruong95/Kinect_1_original_augmented_padding/output/Binh/5/1_4/000030
/media/data2/users/dangmanhtruong95/Kinect_1_original_augmented_padding/output/Binh/5/4_5/000001
/media/data2/users/dangmanhtruong95/Kinect_1_original_augmented_padding/output/Binh/5/4_5/000014
/media/data2/users/dangmanhtruong95/Kinect_1_original_augmented_padding/output/Binh/5/3_4/000001
/media/data2/users/dangmanhtruong95/Kinect_1_original_augmented_padding/output/Binh/5/3_4/000017
/media/data2/users/dangmanhtruong95/Kinect_1_original_augmented_padding/output/Binh/5/3_4/000027
/media/data2/users/dangmanhtruong95/Kinect_1_original_augmented_padding/output/Binh/5/5_1/000001
/media/data2/users/dangmanhtruong95/Kinect_1_original_augmented_padding/output/Binh/5/5_1/000012
/media/data2/users/dangmanhtruong95/Kinect_1_original_augmented_padding/output/Binh/5/3_5/000001
/media/data2/users/dangmanhtruong95/Kinect_1_original_augmented_padding/output/Binh/5/3_5/000017
/media/data2/users/dangmanhtruong95/Kinect_1_original_augmented_padding/output/Binh/5/3_5/000027
/media/data2/users/dangmanhtruong95/Kinect_1_original_augmented_padding/output/Binh/5/1_5/000001
/media/data2/users/dangmanhtruong95/Kinect_1_original_augmented_padding/output/Binh/5/1_5/000017
/media/data2/users/dangmanhtruong95/Kinect_1_original_augmented_padding/output/Binh/5/1_5/000030
/media/data2/users/dangmanhtruong95/Kinect_1_original_augmented_padding/output/Binh/5/4_3/000001
/media/data2/users/dangmanhtruong95/Kinect_1_original_augmented_padding/output/Binh/5/4_3/000014
/media/data2/users/dangmanhtruong95/Kinect_1_original_augmented_padding/output/Binh/5/2_3/000001
/media/data2/users/dangmanhtruong95/Kinect_1_original_augmented_padding/output/Binh/5/2_3/000017
/media/data2/users/dangmanhtruong95/Kinect_1_original_augmented_padding/output/Binh/5/2_3/000033
/media/data2/users/dangmanhtruong95/Kinect_1_original_augmented_padding/output/Binh/5/2_3/000041
/media/data2/users/dangmanhtruong95/Kinect_1_original_augmented_padding/output/Binh/5/1_2/000001
/media/data2/users/dangmanhtruong95/Kinect_1_original_augmented_padding/output/Binh/5/1_2/000017
/media/data2/users/dangmanhtruong95/Kinect_1_original_augmented_padding/output/Binh/5/1_2/000030
/media/data2/users/dangmanhtruong95/Kinect_1_original_augmented_padding/output/Binh/5/4_4/000001
/media/data2/users/dangmanhtruong95/Kinect_1_original_augmented_padding/output/Binh/5/4_4/000014
/media/data2/users/dangmanhtruong95/Kinect_1_original_augmented_padding/output/Binh/5/5_4/000001
/media/data2/users/dangmanhtruong95/Kinect_1_original_augmented_padding/output/Binh/5/5_4/000012
/media/data2/users/dangmanhtruong95/Kinect_1_original_augmented_padding/output/Binh/5/5_5/000001
/media/data2/users/dangmanhtruong95/Kinect_1_original_augmented_padding/output/Binh/5/5_5/000012
/media/data2/users/dangmanhtruong95/Kinect_1_original_augmented_padding/output/Binh/5/4_1/000001
/media/data2/users/dangmanhtruong95/Kinect_1_original_augmented_padding/output/Binh/5/4_1/000014
/media/data2/users/dangmanhtruong95/Kinect_1_original_augmented_padding/output/Binh/5/1_1/000001
/media/data2/users/dangmanhtruong95/Kinect_1_original_augmented_padding/output/Binh/5/1_1/000017
/media/data2/users/dangmanhtruong95/Kinect_1_original_augmented_padding/output/Binh/5/1_1/000030
/media/data2/users/dangmanhtruong95/Kinect_1_original_augmented_padding/output/Binh/5/3_1/000001
/media/data2/users/dangmanhtruong95/Kinect_1_original_augmented_padding/output/Binh/5/3_1/000017
/media/data2/users/dangmanhtruong95/Kinect_1_original_augmented_padding/output/Binh/5/3_1/000027
/media/data2/users/dangmanhtruong95/Kinect_1_original_augmented_padding/output/Binh/5/2_2/000001
/media/data2/users/dangmanhtruong95/Kinect_1_original_augmented_padding/output/Binh/5/2_2/000017
/media/data2/users/dangmanhtruong95/Kinect_1_original_augmented_padding/output/Binh/5/2_2/000033
/media/data2/users/dangmanhtruong95/Kinect_1_original_augmented_padding/output/Binh/5/2_2/000041
/media/data2/users/dangmanhtruong95/Kinect_1_original_augmented_padding/output/Binh/5/2_1/000001
/media/data2/users/dangmanhtruong95/Kinect_1_original_augmented_padding/output/Binh/5/2_1/000017
/media/data2/users/dangmanhtruong95/Kinect_1_original_augmented_padding/output/Binh/5/2_1/000033
/media/data2/users/dangmanhtruong95/Kinect_1_original_augmented_padding/output/Binh/5/2_1/000041
/media/data2/users/dangmanhtruong95/Kinect_1_original_augmented_padding/output/Giang/1/3_3/000001
/media/data2/users/dangmanhtruong95/Kinect_1_original_augmented_padding/output/Giang/1/3_3/000005
/media/data2/users/dangmanhtruong95/Kinect_1_original_augmented_padding/output/Giang/1/2_5/000001
/media/data2/users/dangmanhtruong95/Kinect_1_original_augmented_padding/output/Giang/1/2_5/000005
/media/data2/users/dangmanhtruong95/Kinect_1_original_augmented_padding/output/Giang/1/3_2/000001
/media/data2/users/dangmanhtruong95/Kinect_1_original_augmented_padding/output/Giang/1/3_2/000005
/media/data2/users/dangmanhtruong95/Kinect_1_original_augmented_padding/output/Giang/1/2_4/000001
/media/data2/users/dangmanhtruong95/Kinect_1_original_augmented_padding/output/Giang/1/2_4/000005
/media/data2/users/dangmanhtruong95/Kinect_1_original_augmented_padding/output/Giang/1/1_3/000001
/media/data2/users/dangmanhtruong95/Kinect_1_original_augmented_padding/output/Giang/1/1_3/000004
/media/data2/users/dangmanhtruong95/Kinect_1_original_augmented_padding/output/Giang/1/4_2/000001
/media/data2/users/dangmanhtruong95/Kinect_1_original_augmented_padding/output/Giang/1/4_2/000003
/media/data2/users/dangmanhtruong95/Kinect_1_original_augmented_padding/output/Giang/1/1_4/000001
/media/data2/users/dangmanhtruong95/Kinect_1_original_augmented_padding/output/Giang/1/1_4/000004
/media/data2/users/dangmanhtruong95/Kinect_1_original_augmented_padding/output/Giang/1/4_5/000001
/media/data2/users/dangmanhtruong95/Kinect_1_original_augmented_padding/output/Giang/1/4_5/000003
/media/data2/users/dangmanhtruong95/Kinect_1_original_augmented_padding/output/Giang/1/3_4/000001
/media/data2/users/dangmanhtruong95/Kinect_1_original_augmented_padding/output/Giang/1/3_4/000005
/media/data2/users/dangmanhtruong95/Kinect_1_original_augmented_padding/output/Giang/1/3_5/000001
/media/data2/users/dangmanhtruong95/Kinect_1_original_augmented_padding/output/Giang/1/3_5/000005
/media/data2/users/dangmanhtruong95/Kinect_1_original_augmented_padding/output/Giang/1/1_5/000001
/media/data2/users/dangmanhtruong95/Kinect_1_original_augmented_padding/output/Giang/1/1_5/000004
/media/data2/users/dangmanhtruong95/Kinect_1_original_augmented_padding/output/Giang/1/4_3/000001
/media/data2/users/dangmanhtruong95/Kinect_1_original_augmented_padding/output/Giang/1/4_3/000003
/media/data2/users/dangmanhtruong95/Kinect_1_original_augmented_padding/output/Giang/1/2_3/000001
/media/data2/users/dangmanhtruong95/Kinect_1_original_augmented_padding/output/Giang/1/2_3/000005
/media/data2/users/dangmanhtruong95/Kinect_1_original_augmented_padding/output/Giang/1/1_2/000001
/media/data2/users/dangmanhtruong95/Kinect_1_original_augmented_padding/output/Giang/1/1_2/000004
/media/data2/users/dangmanhtruong95/Kinect_1_original_augmented_padding/output/Giang/1/4_4/000001
/media/data2/users/dangmanhtruong95/Kinect_1_original_augmented_padding/output/Giang/1/4_4/000003
/media/data2/users/dangmanhtruong95/Kinect_1_original_augmented_padding/output/Giang/1/4_1/000001
/media/data2/users/dangmanhtruong95/Kinect_1_original_augmented_padding/output/Giang/1/4_1/000003
/media/data2/users/dangmanhtruong95/Kinect_1_original_augmented_padding/output/Giang/1/1_1/000001
/media/data2/users/dangmanhtruong95/Kinect_1_original_augmented_padding/output/Giang/1/1_1/000004
/media/data2/users/dangmanhtruong95/Kinect_1_original_augmented_padding/output/Giang/1/3_1/000001
/media/data2/users/dangmanhtruong95/Kinect_1_original_augmented_padding/output/Giang/1/3_1/000005
/media/data2/users/dangmanhtruong95/Kinect_1_original_augmented_padding/output/Giang/1/2_2/000001
/media/data2/users/dangmanhtruong95/Kinect_1_original_augmented_padding/output/Giang/1/2_2/000005
/media/data2/users/dangmanhtruong95/Kinect_1_original_augmented_padding/output/Giang/1/2_1/000001
/media/data2/users/dangmanhtruong95/Kinect_1_original_augmented_padding/output/Giang/1/2_1/000005
/media/data2/users/dangmanhtruong95/Kinect_1_original_augmented_padding/output/Giang/2/3_3/000001
/media/data2/users/dangmanhtruong95/Kinect_1_original_augmented_padding/output/Giang/2/3_3/000011
/media/data2/users/dangmanhtruong95/Kinect_1_original_augmented_padding/output/Giang/2/2_5/000001
/media/data2/users/dangmanhtruong95/Kinect_1_original_augmented_padding/output/Giang/2/2_5/000008
/media/data2/users/dangmanhtruong95/Kinect_1_original_augmented_padding/output/Giang/2/3_2/000001
/media/data2/users/dangmanhtruong95/Kinect_1_original_augmented_padding/output/Giang/2/3_2/000011
/media/data2/users/dangmanhtruong95/Kinect_1_original_augmented_padding/output/Giang/2/2_4/000001
/media/data2/users/dangmanhtruong95/Kinect_1_original_augmented_padding/output/Giang/2/2_4/000008
/media/data2/users/dangmanhtruong95/Kinect_1_original_augmented_padding/output/Giang/2/1_3/000001
/media/data2/users/dangmanhtruong95/Kinect_1_original_augmented_padding/output/Giang/2/1_3/000013
/media/data2/users/dangmanhtruong95/Kinect_1_original_augmented_padding/output/Giang/2/4_2/000001
/media/data2/users/dangmanhtruong95/Kinect_1_original_augmented_padding/output/Giang/2/4_2/000007
/media/data2/users/dangmanhtruong95/Kinect_1_original_augmented_padding/output/Giang/2/1_4/000001
/media/data2/users/dangmanhtruong95/Kinect_1_original_augmented_padding/output/Giang/2/1_4/000013
/media/data2/users/dangmanhtruong95/Kinect_1_original_augmented_padding/output/Giang/2/4_5/000001
/media/data2/users/dangmanhtruong95/Kinect_1_original_augmented_padding/output/Giang/2/4_5/000007
/media/data2/users/dangmanhtruong95/Kinect_1_original_augmented_padding/output/Giang/2/3_4/000001
/media/data2/users/dangmanhtruong95/Kinect_1_original_augmented_padding/output/Giang/2/3_4/000011
/media/data2/users/dangmanhtruong95/Kinect_1_original_augmented_padding/output/Giang/2/3_5/000001
/media/data2/users/dangmanhtruong95/Kinect_1_original_augmented_padding/output/Giang/2/3_5/000011
/media/data2/users/dangmanhtruong95/Kinect_1_original_augmented_padding/output/Giang/2/1_5/000001
/media/data2/users/dangmanhtruong95/Kinect_1_original_augmented_padding/output/Giang/2/1_5/000013
/media/data2/users/dangmanhtruong95/Kinect_1_original_augmented_padding/output/Giang/2/4_3/000001
/media/data2/users/dangmanhtruong95/Kinect_1_original_augmented_padding/output/Giang/2/4_3/000007
/media/data2/users/dangmanhtruong95/Kinect_1_original_augmented_padding/output/Giang/2/2_3/000001
/media/data2/users/dangmanhtruong95/Kinect_1_original_augmented_padding/output/Giang/2/2_3/000008
/media/data2/users/dangmanhtruong95/Kinect_1_original_augmented_padding/output/Giang/2/1_2/000001
/media/data2/users/dangmanhtruong95/Kinect_1_original_augmented_padding/output/Giang/2/1_2/000013
/media/data2/users/dangmanhtruong95/Kinect_1_original_augmented_padding/output/Giang/2/4_4/000001
/media/data2/users/dangmanhtruong95/Kinect_1_original_augmented_padding/output/Giang/2/4_4/000007
/media/data2/users/dangmanhtruong95/Kinect_1_original_augmented_padding/output/Giang/2/4_1/000001
/media/data2/users/dangmanhtruong95/Kinect_1_original_augmented_padding/output/Giang/2/4_1/000007
/media/data2/users/dangmanhtruong95/Kinect_1_original_augmented_padding/output/Giang/2/1_1/000001
/media/data2/users/dangmanhtruong95/Kinect_1_original_augmented_padding/output/Giang/2/1_1/000013
/media/data2/users/dangmanhtruong95/Kinect_1_original_augmented_padding/output/Giang/2/3_1/000001
/media/data2/users/dangmanhtruong95/Kinect_1_original_augmented_padding/output/Giang/2/3_1/000011
/media/data2/users/dangmanhtruong95/Kinect_1_original_augmented_padding/output/Giang/2/2_2/000001
/media/data2/users/dangmanhtruong95/Kinect_1_original_augmented_padding/output/Giang/2/2_2/000008
/media/data2/users/dangmanhtruong95/Kinect_1_original_augmented_padding/output/Giang/2/2_1/000001
/media/data2/users/dangmanhtruong95/Kinect_1_original_augmented_padding/output/Giang/2/2_1/000008
/media/data2/users/dangmanhtruong95/Kinect_1_original_augmented_padding/output/Giang/3/5_3/000001
/media/data2/users/dangmanhtruong95/Kinect_1_original_augmented_padding/output/Giang/3/5_3/000007
/media/data2/users/dangmanhtruong95/Kinect_1_original_augmented_padding/output/Giang/3/3_3/000001
/media/data2/users/dangmanhtruong95/Kinect_1_original_augmented_padding/output/Giang/3/3_3/000010
/media/data2/users/dangmanhtruong95/Kinect_1_original_augmented_padding/output/Giang/3/2_5/000001
/media/data2/users/dangmanhtruong95/Kinect_1_original_augmented_padding/output/Giang/3/2_5/000006
/media/data2/users/dangmanhtruong95/Kinect_1_original_augmented_padding/output/Giang/3/3_2/000001
/media/data2/users/dangmanhtruong95/Kinect_1_original_augmented_padding/output/Giang/3/3_2/000010
/media/data2/users/dangmanhtruong95/Kinect_1_original_augmented_padding/output/Giang/3/2_4/000001
/media/data2/users/dangmanhtruong95/Kinect_1_original_augmented_padding/output/Giang/3/2_4/000006
/media/data2/users/dangmanhtruong95/Kinect_1_original_augmented_padding/output/Giang/3/1_3/000001
/media/data2/users/dangmanhtruong95/Kinect_1_original_augmented_padding/output/Giang/3/1_3/000013
/media/data2/users/dangmanhtruong95/Kinect_1_original_augmented_padding/output/Giang/3/4_2/000001
/media/data2/users/dangmanhtruong95/Kinect_1_original_augmented_padding/output/Giang/3/4_2/000009
/media/data2/users/dangmanhtruong95/Kinect_1_original_augmented_padding/output/Giang/3/5_2/000001
/media/data2/users/dangmanhtruong95/Kinect_1_original_augmented_padding/output/Giang/3/5_2/000007
/media/data2/users/dangmanhtruong95/Kinect_1_original_augmented_padding/output/Giang/3/1_4/000001
/media/data2/users/dangmanhtruong95/Kinect_1_original_augmented_padding/output/Giang/3/1_4/000013
/media/data2/users/dangmanhtruong95/Kinect_1_original_augmented_padding/output/Giang/3/4_5/000001
/media/data2/users/dangmanhtruong95/Kinect_1_original_augmented_padding/output/Giang/3/4_5/000009
/media/data2/users/dangmanhtruong95/Kinect_1_original_augmented_padding/output/Giang/3/3_4/000001
/media/data2/users/dangmanhtruong95/Kinect_1_original_augmented_padding/output/Giang/3/3_4/000010
/media/data2/users/dangmanhtruong95/Kinect_1_original_augmented_padding/output/Giang/3/5_1/000001
/media/data2/users/dangmanhtruong95/Kinect_1_original_augmented_padding/output/Giang/3/5_1/000007
/media/data2/users/dangmanhtruong95/Kinect_1_original_augmented_padding/output/Giang/3/3_5/000001
/media/data2/users/dangmanhtruong95/Kinect_1_original_augmented_padding/output/Giang/3/3_5/000010
/media/data2/users/dangmanhtruong95/Kinect_1_original_augmented_padding/output/Giang/3/1_5/000001
/media/data2/users/dangmanhtruong95/Kinect_1_original_augmented_padding/output/Giang/3/1_5/000013
/media/data2/users/dangmanhtruong95/Kinect_1_original_augmented_padding/output/Giang/3/4_3/000001
/media/data2/users/dangmanhtruong95/Kinect_1_original_augmented_padding/output/Giang/3/4_3/000009
/media/data2/users/dangmanhtruong95/Kinect_1_original_augmented_padding/output/Giang/3/2_3/000001
/media/data2/users/dangmanhtruong95/Kinect_1_original_augmented_padding/output/Giang/3/2_3/000006
/media/data2/users/dangmanhtruong95/Kinect_1_original_augmented_padding/output/Giang/3/1_2/000001
/media/data2/users/dangmanhtruong95/Kinect_1_original_augmented_padding/output/Giang/3/1_2/000013
/media/data2/users/dangmanhtruong95/Kinect_1_original_augmented_padding/output/Giang/3/4_4/000001
/media/data2/users/dangmanhtruong95/Kinect_1_original_augmented_padding/output/Giang/3/4_4/000009
/media/data2/users/dangmanhtruong95/Kinect_1_original_augmented_padding/output/Giang/3/5_4/000001
/media/data2/users/dangmanhtruong95/Kinect_1_original_augmented_padding/output/Giang/3/5_4/000007
/media/data2/users/dangmanhtruong95/Kinect_1_original_augmented_padding/output/Giang/3/5_5/000001
/media/data2/users/dangmanhtruong95/Kinect_1_original_augmented_padding/output/Giang/3/5_5/000007
/media/data2/users/dangmanhtruong95/Kinect_1_original_augmented_padding/output/Giang/3/4_1/000001
/media/data2/users/dangmanhtruong95/Kinect_1_original_augmented_padding/output/Giang/3/4_1/000009
/media/data2/users/dangmanhtruong95/Kinect_1_original_augmented_padding/output/Giang/3/1_1/000001
/media/data2/users/dangmanhtruong95/Kinect_1_original_augmented_padding/output/Giang/3/1_1/000013
/media/data2/users/dangmanhtruong95/Kinect_1_original_augmented_padding/output/Giang/3/3_1/000001
/media/data2/users/dangmanhtruong95/Kinect_1_original_augmented_padding/output/Giang/3/3_1/000010
/media/data2/users/dangmanhtruong95/Kinect_1_original_augmented_padding/output/Giang/3/2_2/000001
/media/data2/users/dangmanhtruong95/Kinect_1_original_augmented_padding/output/Giang/3/2_2/000006
/media/data2/users/dangmanhtruong95/Kinect_1_original_augmented_padding/output/Giang/3/2_1/000001
/media/data2/users/dangmanhtruong95/Kinect_1_original_augmented_padding/output/Giang/3/2_1/000006
/media/data2/users/dangmanhtruong95/Kinect_1_original_augmented_padding/output/Giang/4/3_3/000001
/media/data2/users/dangmanhtruong95/Kinect_1_original_augmented_padding/output/Giang/4/3_3/000007
/media/data2/users/dangmanhtruong95/Kinect_1_original_augmented_padding/output/Giang/4/2_5/000001
/media/data2/users/dangmanhtruong95/Kinect_1_original_augmented_padding/output/Giang/4/2_5/000009
/media/data2/users/dangmanhtruong95/Kinect_1_original_augmented_padding/output/Giang/4/3_2/000001
/media/data2/users/dangmanhtruong95/Kinect_1_original_augmented_padding/output/Giang/4/3_2/000007
/media/data2/users/dangmanhtruong95/Kinect_1_original_augmented_padding/output/Giang/4/2_4/000001
/media/data2/users/dangmanhtruong95/Kinect_1_original_augmented_padding/output/Giang/4/2_4/000009
/media/data2/users/dangmanhtruong95/Kinect_1_original_augmented_padding/output/Giang/4/1_3/000001
/media/data2/users/dangmanhtruong95/Kinect_1_original_augmented_padding/output/Giang/4/1_3/000012
/media/data2/users/dangmanhtruong95/Kinect_1_original_augmented_padding/output/Giang/4/4_2/000001
/media/data2/users/dangmanhtruong95/Kinect_1_original_augmented_padding/output/Giang/4/4_2/000011
/media/data2/users/dangmanhtruong95/Kinect_1_original_augmented_padding/output/Giang/4/1_4/000001
/media/data2/users/dangmanhtruong95/Kinect_1_original_augmented_padding/output/Giang/4/1_4/000012
/media/data2/users/dangmanhtruong95/Kinect_1_original_augmented_padding/output/Giang/4/4_5/000001
/media/data2/users/dangmanhtruong95/Kinect_1_original_augmented_padding/output/Giang/4/4_5/000011
/media/data2/users/dangmanhtruong95/Kinect_1_original_augmented_padding/output/Giang/4/3_4/000001
/media/data2/users/dangmanhtruong95/Kinect_1_original_augmented_padding/output/Giang/4/3_4/000007
/media/data2/users/dangmanhtruong95/Kinect_1_original_augmented_padding/output/Giang/4/3_5/000001
/media/data2/users/dangmanhtruong95/Kinect_1_original_augmented_padding/output/Giang/4/3_5/000007
/media/data2/users/dangmanhtruong95/Kinect_1_original_augmented_padding/output/Giang/4/1_5/000001
/media/data2/users/dangmanhtruong95/Kinect_1_original_augmented_padding/output/Giang/4/1_5/000012
/media/data2/users/dangmanhtruong95/Kinect_1_original_augmented_padding/output/Giang/4/4_3/000001
/media/data2/users/dangmanhtruong95/Kinect_1_original_augmented_padding/output/Giang/4/4_3/000011
/media/data2/users/dangmanhtruong95/Kinect_1_original_augmented_padding/output/Giang/4/2_3/000001
/media/data2/users/dangmanhtruong95/Kinect_1_original_augmented_padding/output/Giang/4/2_3/000009
/media/data2/users/dangmanhtruong95/Kinect_1_original_augmented_padding/output/Giang/4/1_2/000001
/media/data2/users/dangmanhtruong95/Kinect_1_original_augmented_padding/output/Giang/4/1_2/000012
/media/data2/users/dangmanhtruong95/Kinect_1_original_augmented_padding/output/Giang/4/4_4/000001
/media/data2/users/dangmanhtruong95/Kinect_1_original_augmented_padding/output/Giang/4/4_4/000011
/media/data2/users/dangmanhtruong95/Kinect_1_original_augmented_padding/output/Giang/4/4_1/000001
/media/data2/users/dangmanhtruong95/Kinect_1_original_augmented_padding/output/Giang/4/4_1/000011
/media/data2/users/dangmanhtruong95/Kinect_1_original_augmented_padding/output/Giang/4/1_1/000001
/media/data2/users/dangmanhtruong95/Kinect_1_original_augmented_padding/output/Giang/4/1_1/000012
/media/data2/users/dangmanhtruong95/Kinect_1_original_augmented_padding/output/Giang/4/3_1/000001
/media/data2/users/dangmanhtruong95/Kinect_1_original_augmented_padding/output/Giang/4/3_1/000007
/media/data2/users/dangmanhtruong95/Kinect_1_original_augmented_padding/output/Giang/4/2_2/000001
/media/data2/users/dangmanhtruong95/Kinect_1_original_augmented_padding/output/Giang/4/2_2/000009
/media/data2/users/dangmanhtruong95/Kinect_1_original_augmented_padding/output/Giang/4/2_1/000001
/media/data2/users/dangmanhtruong95/Kinect_1_original_augmented_padding/output/Giang/4/2_1/000009
/media/data2/users/dangmanhtruong95/Kinect_1_original_augmented_padding/output/Giang/5/3_3/000001
/media/data2/users/dangmanhtruong95/Kinect_1_original_augmented_padding/output/Giang/5/3_3/000012
/media/data2/users/dangmanhtruong95/Kinect_1_original_augmented_padding/output/Giang/5/2_5/000001
/media/data2/users/dangmanhtruong95/Kinect_1_original_augmented_padding/output/Giang/5/2_5/000011
/media/data2/users/dangmanhtruong95/Kinect_1_original_augmented_padding/output/Giang/5/3_2/000001
/media/data2/users/dangmanhtruong95/Kinect_1_original_augmented_padding/output/Giang/5/3_2/000012
/media/data2/users/dangmanhtruong95/Kinect_1_original_augmented_padding/output/Giang/5/2_4/000001
/media/data2/users/dangmanhtruong95/Kinect_1_original_augmented_padding/output/Giang/5/2_4/000011
/media/data2/users/dangmanhtruong95/Kinect_1_original_augmented_padding/output/Giang/5/1_3/000001
/media/data2/users/dangmanhtruong95/Kinect_1_original_augmented_padding/output/Giang/5/1_3/000010
/media/data2/users/dangmanhtruong95/Kinect_1_original_augmented_padding/output/Giang/5/4_2/000001
/media/data2/users/dangmanhtruong95/Kinect_1_original_augmented_padding/output/Giang/5/4_2/000015
/media/data2/users/dangmanhtruong95/Kinect_1_original_augmented_padding/output/Giang/5/1_4/000001
/media/data2/users/dangmanhtruong95/Kinect_1_original_augmented_padding/output/Giang/5/1_4/000010
/media/data2/users/dangmanhtruong95/Kinect_1_original_augmented_padding/output/Giang/5/4_5/000001
/media/data2/users/dangmanhtruong95/Kinect_1_original_augmented_padding/output/Giang/5/4_5/000015
/media/data2/users/dangmanhtruong95/Kinect_1_original_augmented_padding/output/Giang/5/3_4/000001
/media/data2/users/dangmanhtruong95/Kinect_1_original_augmented_padding/output/Giang/5/3_4/000012
/media/data2/users/dangmanhtruong95/Kinect_1_original_augmented_padding/output/Giang/5/3_5/000001
/media/data2/users/dangmanhtruong95/Kinect_1_original_augmented_padding/output/Giang/5/3_5/000012
/media/data2/users/dangmanhtruong95/Kinect_1_original_augmented_padding/output/Giang/5/1_5/000001
/media/data2/users/dangmanhtruong95/Kinect_1_original_augmented_padding/output/Giang/5/1_5/000010
/media/data2/users/dangmanhtruong95/Kinect_1_original_augmented_padding/output/Giang/5/4_3/000001
/media/data2/users/dangmanhtruong95/Kinect_1_original_augmented_padding/output/Giang/5/4_3/000015
/media/data2/users/dangmanhtruong95/Kinect_1_original_augmented_padding/output/Giang/5/2_3/000001
/media/data2/users/dangmanhtruong95/Kinect_1_original_augmented_padding/output/Giang/5/2_3/000011
/media/data2/users/dangmanhtruong95/Kinect_1_original_augmented_padding/output/Giang/5/1_2/000001
/media/data2/users/dangmanhtruong95/Kinect_1_original_augmented_padding/output/Giang/5/1_2/000010
/media/data2/users/dangmanhtruong95/Kinect_1_original_augmented_padding/output/Giang/5/4_4/000001
/media/data2/users/dangmanhtruong95/Kinect_1_original_augmented_padding/output/Giang/5/4_4/000015
/media/data2/users/dangmanhtruong95/Kinect_1_original_augmented_padding/output/Giang/5/4_1/000001
/media/data2/users/dangmanhtruong95/Kinect_1_original_augmented_padding/output/Giang/5/4_1/000015
/media/data2/users/dangmanhtruong95/Kinect_1_original_augmented_padding/output/Giang/5/1_1/000001
/media/data2/users/dangmanhtruong95/Kinect_1_original_augmented_padding/output/Giang/5/1_1/000010
/media/data2/users/dangmanhtruong95/Kinect_1_original_augmented_padding/output/Giang/5/3_1/000001
/media/data2/users/dangmanhtruong95/Kinect_1_original_augmented_padding/output/Giang/5/3_1/000012
/media/data2/users/dangmanhtruong95/Kinect_1_original_augmented_padding/output/Giang/5/2_2/000001
/media/data2/users/dangmanhtruong95/Kinect_1_original_augmented_padding/output/Giang/5/2_2/000011
/media/data2/users/dangmanhtruong95/Kinect_1_original_augmented_padding/output/Giang/5/2_1/000001
/media/data2/users/dangmanhtruong95/Kinect_1_original_augmented_padding/output/Giang/5/2_1/000011
