/home/titikid/PycharmProjects/c3d_luanvan/data/Kinect_1_original/Giang/1/2/ 1 0
/home/titikid/PycharmProjects/c3d_luanvan/data/Kinect_1_original/Giang/1/2/ 5 0
/home/titikid/PycharmProjects/c3d_luanvan/data/Kinect_1_original/Giang/1/4/ 1 0
/home/titikid/PycharmProjects/c3d_luanvan/data/Kinect_1_original/Giang/1/4/ 3 0
/home/titikid/PycharmProjects/c3d_luanvan/data/Kinect_1_original/Giang/1/3/ 1 0
/home/titikid/PycharmProjects/c3d_luanvan/data/Kinect_1_original/Giang/1/3/ 5 0
/home/titikid/PycharmProjects/c3d_luanvan/data/Kinect_1_original/Giang/1/1/ 1 0
/home/titikid/PycharmProjects/c3d_luanvan/data/Kinect_1_original/Giang/1/1/ 4 0
/home/titikid/PycharmProjects/c3d_luanvan/data/Kinect_1_original/Giang/2/2/ 1 1
/home/titikid/PycharmProjects/c3d_luanvan/data/Kinect_1_original/Giang/2/2/ 8 1
/home/titikid/PycharmProjects/c3d_luanvan/data/Kinect_1_original/Giang/2/4/ 1 1
/home/titikid/PycharmProjects/c3d_luanvan/data/Kinect_1_original/Giang/2/4/ 7 1
/home/titikid/PycharmProjects/c3d_luanvan/data/Kinect_1_original/Giang/2/3/ 1 1
/home/titikid/PycharmProjects/c3d_luanvan/data/Kinect_1_original/Giang/2/3/ 11 1
/home/titikid/PycharmProjects/c3d_luanvan/data/Kinect_1_original/Giang/2/1/ 1 1
/home/titikid/PycharmProjects/c3d_luanvan/data/Kinect_1_original/Giang/2/1/ 13 1
/home/titikid/PycharmProjects/c3d_luanvan/data/Kinect_1_original/Giang/3/2/ 1 2
/home/titikid/PycharmProjects/c3d_luanvan/data/Kinect_1_original/Giang/3/2/ 6 2
/home/titikid/PycharmProjects/c3d_luanvan/data/Kinect_1_original/Giang/3/4/ 1 2
/home/titikid/PycharmProjects/c3d_luanvan/data/Kinect_1_original/Giang/3/4/ 9 2
/home/titikid/PycharmProjects/c3d_luanvan/data/Kinect_1_original/Giang/3/3/ 1 2
/home/titikid/PycharmProjects/c3d_luanvan/data/Kinect_1_original/Giang/3/3/ 10 2
/home/titikid/PycharmProjects/c3d_luanvan/data/Kinect_1_original/Giang/3/5/ 1 2
/home/titikid/PycharmProjects/c3d_luanvan/data/Kinect_1_original/Giang/3/5/ 7 2
/home/titikid/PycharmProjects/c3d_luanvan/data/Kinect_1_original/Giang/3/1/ 1 2
/home/titikid/PycharmProjects/c3d_luanvan/data/Kinect_1_original/Giang/3/1/ 13 2
/home/titikid/PycharmProjects/c3d_luanvan/data/Kinect_1_original/Giang/4/2/ 1 3
/home/titikid/PycharmProjects/c3d_luanvan/data/Kinect_1_original/Giang/4/2/ 9 3
/home/titikid/PycharmProjects/c3d_luanvan/data/Kinect_1_original/Giang/4/4/ 1 3
/home/titikid/PycharmProjects/c3d_luanvan/data/Kinect_1_original/Giang/4/4/ 11 3
/home/titikid/PycharmProjects/c3d_luanvan/data/Kinect_1_original/Giang/4/3/ 1 3
/home/titikid/PycharmProjects/c3d_luanvan/data/Kinect_1_original/Giang/4/3/ 7 3
/home/titikid/PycharmProjects/c3d_luanvan/data/Kinect_1_original/Giang/4/1/ 1 3
/home/titikid/PycharmProjects/c3d_luanvan/data/Kinect_1_original/Giang/4/1/ 12 3
/home/titikid/PycharmProjects/c3d_luanvan/data/Kinect_1_original/Giang/5/2/ 1 4
/home/titikid/PycharmProjects/c3d_luanvan/data/Kinect_1_original/Giang/5/2/ 11 4
/home/titikid/PycharmProjects/c3d_luanvan/data/Kinect_1_original/Giang/5/4/ 1 4
/home/titikid/PycharmProjects/c3d_luanvan/data/Kinect_1_original/Giang/5/4/ 15 4
/home/titikid/PycharmProjects/c3d_luanvan/data/Kinect_1_original/Giang/5/3/ 1 4
/home/titikid/PycharmProjects/c3d_luanvan/data/Kinect_1_original/Giang/5/3/ 12 4
/home/titikid/PycharmProjects/c3d_luanvan/data/Kinect_1_original/Giang/5/1/ 1 4
/home/titikid/PycharmProjects/c3d_luanvan/data/Kinect_1_original/Giang/5/1/ 10 4
/home/titikid/PycharmProjects/c3d_luanvan/data/Kinect_1_original/Hung/1/2/ 1 0
/home/titikid/PycharmProjects/c3d_luanvan/data/Kinect_1_original/Hung/1/4/ 1 0
/home/titikid/PycharmProjects/c3d_luanvan/data/Kinect_1_original/Hung/1/3/ 1 0
/home/titikid/PycharmProjects/c3d_luanvan/data/Kinect_1_original/Hung/1/6/ 1 0
/home/titikid/PycharmProjects/c3d_luanvan/data/Kinect_1_original/Hung/1/5/ 1 0
/home/titikid/PycharmProjects/c3d_luanvan/data/Kinect_1_original/Hung/1/1/ 1 0
/home/titikid/PycharmProjects/c3d_luanvan/data/Kinect_1_original/Hung/1/1/ 17 0
/home/titikid/PycharmProjects/c3d_luanvan/data/Kinect_1_original/Hung/1/1/ 19 0
/home/titikid/PycharmProjects/c3d_luanvan/data/Kinect_1_original/Hung/1/7/ 1 0
/home/titikid/PycharmProjects/c3d_luanvan/data/Kinect_1_original/Hung/1/8/ 1 0
/home/titikid/PycharmProjects/c3d_luanvan/data/Kinect_1_original/Hung/2/2/ 1 1
/home/titikid/PycharmProjects/c3d_luanvan/data/Kinect_1_original/Hung/2/4/ 1 1
/home/titikid/PycharmProjects/c3d_luanvan/data/Kinect_1_original/Hung/2/4/ 3 1
/home/titikid/PycharmProjects/c3d_luanvan/data/Kinect_1_original/Hung/2/3/ 1 1
/home/titikid/PycharmProjects/c3d_luanvan/data/Kinect_1_original/Hung/2/5/ 1 1
/home/titikid/PycharmProjects/c3d_luanvan/data/Kinect_1_original/Hung/2/5/ 5 1
/home/titikid/PycharmProjects/c3d_luanvan/data/Kinect_1_original/Hung/2/1/ 1 1
/home/titikid/PycharmProjects/c3d_luanvan/data/Kinect_1_original/Hung/2/1/ 6 1
/home/titikid/PycharmProjects/c3d_luanvan/data/Kinect_1_original/Hung/3/2/ 1 2
/home/titikid/PycharmProjects/c3d_luanvan/data/Kinect_1_original/Hung/3/2/ 15 2
/home/titikid/PycharmProjects/c3d_luanvan/data/Kinect_1_original/Hung/3/4/ 1 2
/home/titikid/PycharmProjects/c3d_luanvan/data/Kinect_1_original/Hung/3/4/ 12 2
/home/titikid/PycharmProjects/c3d_luanvan/data/Kinect_1_original/Hung/3/3/ 1 2
/home/titikid/PycharmProjects/c3d_luanvan/data/Kinect_1_original/Hung/3/3/ 15 2
/home/titikid/PycharmProjects/c3d_luanvan/data/Kinect_1_original/Hung/3/6/ 1 2
/home/titikid/PycharmProjects/c3d_luanvan/data/Kinect_1_original/Hung/3/6/ 10 2
/home/titikid/PycharmProjects/c3d_luanvan/data/Kinect_1_original/Hung/3/5/ 1 2
/home/titikid/PycharmProjects/c3d_luanvan/data/Kinect_1_original/Hung/3/5/ 17 2
/home/titikid/PycharmProjects/c3d_luanvan/data/Kinect_1_original/Hung/3/5/ 18 2
/home/titikid/PycharmProjects/c3d_luanvan/data/Kinect_1_original/Hung/3/1/ 1 2
/home/titikid/PycharmProjects/c3d_luanvan/data/Kinect_1_original/Hung/3/1/ 10 2
/home/titikid/PycharmProjects/c3d_luanvan/data/Kinect_1_original/Hung/3/7/ 1 2
/home/titikid/PycharmProjects/c3d_luanvan/data/Kinect_1_original/Hung/3/7/ 9 2
/home/titikid/PycharmProjects/c3d_luanvan/data/Kinect_1_original/Hung/3/8/ 1 2
/home/titikid/PycharmProjects/c3d_luanvan/data/Kinect_1_original/Hung/3/8/ 16 2
/home/titikid/PycharmProjects/c3d_luanvan/data/Kinect_1_original/Hung/4/2/ 1 3
/home/titikid/PycharmProjects/c3d_luanvan/data/Kinect_1_original/Hung/4/4/ 1 3
/home/titikid/PycharmProjects/c3d_luanvan/data/Kinect_1_original/Hung/4/4/ 11 3
/home/titikid/PycharmProjects/c3d_luanvan/data/Kinect_1_original/Hung/4/3/ 1 3
/home/titikid/PycharmProjects/c3d_luanvan/data/Kinect_1_original/Hung/4/3/ 9 3
/home/titikid/PycharmProjects/c3d_luanvan/data/Kinect_1_original/Hung/4/6/ 1 3
/home/titikid/PycharmProjects/c3d_luanvan/data/Kinect_1_original/Hung/4/5/ 1 3
/home/titikid/PycharmProjects/c3d_luanvan/data/Kinect_1_original/Hung/4/5/ 10 3
/home/titikid/PycharmProjects/c3d_luanvan/data/Kinect_1_original/Hung/4/1/ 1 3
/home/titikid/PycharmProjects/c3d_luanvan/data/Kinect_1_original/Hung/4/1/ 4 3
/home/titikid/PycharmProjects/c3d_luanvan/data/Kinect_1_original/Hung/5/2/ 1 4
/home/titikid/PycharmProjects/c3d_luanvan/data/Kinect_1_original/Hung/5/4/ 1 4
/home/titikid/PycharmProjects/c3d_luanvan/data/Kinect_1_original/Hung/5/3/ 1 4
/home/titikid/PycharmProjects/c3d_luanvan/data/Kinect_1_original/Hung/5/3/ 5 4
/home/titikid/PycharmProjects/c3d_luanvan/data/Kinect_1_original/Hung/5/1/ 1 4
/home/titikid/PycharmProjects/c3d_luanvan/data/Kinect_1_original/Hung/5/1/ 2 4
/home/titikid/PycharmProjects/c3d_luanvan/data/Kinect_1_original/Tan/1/2/ 1 0
/home/titikid/PycharmProjects/c3d_luanvan/data/Kinect_1_original/Tan/1/4/ 1 0
/home/titikid/PycharmProjects/c3d_luanvan/data/Kinect_1_original/Tan/1/3/ 1 0
/home/titikid/PycharmProjects/c3d_luanvan/data/Kinect_1_original/Tan/1/1/ 1 0
/home/titikid/PycharmProjects/c3d_luanvan/data/Kinect_1_original/Tan/1/1/ 10 0
/home/titikid/PycharmProjects/c3d_luanvan/data/Kinect_1_original/Tan/2/2/ 1 1
/home/titikid/PycharmProjects/c3d_luanvan/data/Kinect_1_original/Tan/2/2/ 10 1
/home/titikid/PycharmProjects/c3d_luanvan/data/Kinect_1_original/Tan/2/3/ 1 1
/home/titikid/PycharmProjects/c3d_luanvan/data/Kinect_1_original/Tan/2/3/ 4 1
/home/titikid/PycharmProjects/c3d_luanvan/data/Kinect_1_original/Tan/2/1/ 1 1
/home/titikid/PycharmProjects/c3d_luanvan/data/Kinect_1_original/Tan/2/1/ 16 1
/home/titikid/PycharmProjects/c3d_luanvan/data/Kinect_1_original/Tan/3/2/ 1 2
/home/titikid/PycharmProjects/c3d_luanvan/data/Kinect_1_original/Tan/3/2/ 16 2
/home/titikid/PycharmProjects/c3d_luanvan/data/Kinect_1_original/Tan/3/4/ 1 2
/home/titikid/PycharmProjects/c3d_luanvan/data/Kinect_1_original/Tan/3/4/ 5 2
/home/titikid/PycharmProjects/c3d_luanvan/data/Kinect_1_original/Tan/3/3/ 1 2
/home/titikid/PycharmProjects/c3d_luanvan/data/Kinect_1_original/Tan/3/3/ 11 2
/home/titikid/PycharmProjects/c3d_luanvan/data/Kinect_1_original/Tan/3/5/ 1 2
/home/titikid/PycharmProjects/c3d_luanvan/data/Kinect_1_original/Tan/3/5/ 12 2
/home/titikid/PycharmProjects/c3d_luanvan/data/Kinect_1_original/Tan/3/1/ 1 2
/home/titikid/PycharmProjects/c3d_luanvan/data/Kinect_1_original/Tan/3/1/ 17 2
/home/titikid/PycharmProjects/c3d_luanvan/data/Kinect_1_original/Tan/3/1/ 18 2
/home/titikid/PycharmProjects/c3d_luanvan/data/Kinect_1_original/Tan/4/2/ 1 3
/home/titikid/PycharmProjects/c3d_luanvan/data/Kinect_1_original/Tan/4/2/ 8 3
/home/titikid/PycharmProjects/c3d_luanvan/data/Kinect_1_original/Tan/4/4/ 1 3
/home/titikid/PycharmProjects/c3d_luanvan/data/Kinect_1_original/Tan/4/4/ 10 3
/home/titikid/PycharmProjects/c3d_luanvan/data/Kinect_1_original/Tan/4/3/ 1 3
/home/titikid/PycharmProjects/c3d_luanvan/data/Kinect_1_original/Tan/4/3/ 6 3
/home/titikid/PycharmProjects/c3d_luanvan/data/Kinect_1_original/Tan/4/5/ 1 3
/home/titikid/PycharmProjects/c3d_luanvan/data/Kinect_1_original/Tan/4/5/ 17 3
/home/titikid/PycharmProjects/c3d_luanvan/data/Kinect_1_original/Tan/4/5/ 21 3
/home/titikid/PycharmProjects/c3d_luanvan/data/Kinect_1_original/Tan/4/1/ 1 3
/home/titikid/PycharmProjects/c3d_luanvan/data/Kinect_1_original/Tan/4/1/ 13 3
/home/titikid/PycharmProjects/c3d_luanvan/data/Kinect_1_original/Tan/5/2/ 1 4
/home/titikid/PycharmProjects/c3d_luanvan/data/Kinect_1_original/Tan/5/2/ 4 4
/home/titikid/PycharmProjects/c3d_luanvan/data/Kinect_1_original/Tan/5/4/ 1 4
/home/titikid/PycharmProjects/c3d_luanvan/data/Kinect_1_original/Tan/5/4/ 10 4
/home/titikid/PycharmProjects/c3d_luanvan/data/Kinect_1_original/Tan/5/3/ 1 4
/home/titikid/PycharmProjects/c3d_luanvan/data/Kinect_1_original/Tan/5/3/ 7 4
/home/titikid/PycharmProjects/c3d_luanvan/data/Kinect_1_original/Tan/5/5/ 1 4
/home/titikid/PycharmProjects/c3d_luanvan/data/Kinect_1_original/Tan/5/5/ 3 4
/home/titikid/PycharmProjects/c3d_luanvan/data/Kinect_1_original/Tan/5/1/ 1 4
/home/titikid/PycharmProjects/c3d_luanvan/data/Kinect_1_original/Tan/5/1/ 8 4
/home/titikid/PycharmProjects/c3d_luanvan/data/Kinect_1_original/Thuan/1/2/ 1 0
/home/titikid/PycharmProjects/c3d_luanvan/data/Kinect_1_original/Thuan/1/4/ 1 0
/home/titikid/PycharmProjects/c3d_luanvan/data/Kinect_1_original/Thuan/1/3/ 1 0
/home/titikid/PycharmProjects/c3d_luanvan/data/Kinect_1_original/Thuan/1/5/ 1 0
/home/titikid/PycharmProjects/c3d_luanvan/data/Kinect_1_original/Thuan/1/1/ 1 0
/home/titikid/PycharmProjects/c3d_luanvan/data/Kinect_1_original/Thuan/1/1/ 9 0
/home/titikid/PycharmProjects/c3d_luanvan/data/Kinect_1_original/Thuan/2/2/ 1 1
/home/titikid/PycharmProjects/c3d_luanvan/data/Kinect_1_original/Thuan/2/4/ 1 1
/home/titikid/PycharmProjects/c3d_luanvan/data/Kinect_1_original/Thuan/2/4/ 16 1
/home/titikid/PycharmProjects/c3d_luanvan/data/Kinect_1_original/Thuan/2/3/ 1 1
/home/titikid/PycharmProjects/c3d_luanvan/data/Kinect_1_original/Thuan/2/3/ 17 1
/home/titikid/PycharmProjects/c3d_luanvan/data/Kinect_1_original/Thuan/2/3/ 33 1
/home/titikid/PycharmProjects/c3d_luanvan/data/Kinect_1_original/Thuan/2/6/ 1 1
/home/titikid/PycharmProjects/c3d_luanvan/data/Kinect_1_original/Thuan/2/6/ 9 1
/home/titikid/PycharmProjects/c3d_luanvan/data/Kinect_1_original/Thuan/2/5/ 1 1
/home/titikid/PycharmProjects/c3d_luanvan/data/Kinect_1_original/Thuan/2/5/ 5 1
/home/titikid/PycharmProjects/c3d_luanvan/data/Kinect_1_original/Thuan/2/1/ 1 1
/home/titikid/PycharmProjects/c3d_luanvan/data/Kinect_1_original/Thuan/3/2/ 1 2
/home/titikid/PycharmProjects/c3d_luanvan/data/Kinect_1_original/Thuan/3/1/ 1 2
/home/titikid/PycharmProjects/c3d_luanvan/data/Kinect_1_original/Thuan/3/1/ 4 2
/home/titikid/PycharmProjects/c3d_luanvan/data/Kinect_1_original/Thuan/4/2/ 1 3
/home/titikid/PycharmProjects/c3d_luanvan/data/Kinect_1_original/Thuan/4/4/ 1 3
/home/titikid/PycharmProjects/c3d_luanvan/data/Kinect_1_original/Thuan/4/4/ 4 3
/home/titikid/PycharmProjects/c3d_luanvan/data/Kinect_1_original/Thuan/4/3/ 1 3
/home/titikid/PycharmProjects/c3d_luanvan/data/Kinect_1_original/Thuan/4/6/ 1 3
/home/titikid/PycharmProjects/c3d_luanvan/data/Kinect_1_original/Thuan/4/6/ 3 3
/home/titikid/PycharmProjects/c3d_luanvan/data/Kinect_1_original/Thuan/4/5/ 1 3
/home/titikid/PycharmProjects/c3d_luanvan/data/Kinect_1_original/Thuan/4/5/ 3 3
/home/titikid/PycharmProjects/c3d_luanvan/data/Kinect_1_original/Thuan/4/1/ 1 3
/home/titikid/PycharmProjects/c3d_luanvan/data/Kinect_1_original/Thuan/5/2/ 1 4
/home/titikid/PycharmProjects/c3d_luanvan/data/Kinect_1_original/Thuan/5/2/ 2 4
/home/titikid/PycharmProjects/c3d_luanvan/data/Kinect_1_original/Thuan/5/4/ 1 4
/home/titikid/PycharmProjects/c3d_luanvan/data/Kinect_1_original/Thuan/5/4/ 17 4
/home/titikid/PycharmProjects/c3d_luanvan/data/Kinect_1_original/Thuan/5/3/ 1 4
/home/titikid/PycharmProjects/c3d_luanvan/data/Kinect_1_original/Thuan/5/3/ 2 4
/home/titikid/PycharmProjects/c3d_luanvan/data/Kinect_1_original/Thuan/5/5/ 1 4
/home/titikid/PycharmProjects/c3d_luanvan/data/Kinect_1_original/Thuan/5/5/ 6 4
/home/titikid/PycharmProjects/c3d_luanvan/data/Kinect_1_original/Thuan/5/1/ 1 4
